Component: ARM Compiler 6.14 Tool: armlink [5db06800]

==============================================================================

Section Cross References

    driver.o(.text) refers (Special) to _printf_d.o(.ARM.Collect$$_printf_percent$$00000009) for _printf_d
    driver.o(.text) refers (Special) to _printf_dec.o(.text) for _printf_int_dec
    driver.o(.text) refers (Special) to _printf_percent.o(.ARM.Collect$$_printf_percent$$00000000) for _printf_percent
    driver.o(.text.ENC0_GetPos) refers (Special) to _printf_d.o(.ARM.Collect$$_printf_percent$$00000009) for _printf_d
    driver.o(.text.ENC0_GetPos) refers (Special) to _printf_dec.o(.text) for _printf_int_dec
    driver.o(.text.ENC0_GetPos) refers (Special) to _printf_percent.o(.ARM.Collect$$_printf_percent$$00000000) for _printf_percent
    driver.o(.text.ENC0_GetPos) refers to driver.o(.bss.ENC0_GetPos.p_pre) for ENC0_GetPos.p_pre
    driver.o(.text.ENC0_GetPos) refers to driver.o(.bss.ENC0_GetPos.pulse_cur) for ENC0_GetPos.pulse_cur
    driver.o(.ARM.exidx.text.ENC0_GetPos) refers (Special) to _printf_d.o(.ARM.Collect$$_printf_percent$$00000009) for _printf_d
    driver.o(.ARM.exidx.text.ENC0_GetPos) refers (Special) to _printf_dec.o(.text) for _printf_int_dec
    driver.o(.ARM.exidx.text.ENC0_GetPos) refers (Special) to _printf_percent.o(.ARM.Collect$$_printf_percent$$00000000) for _printf_percent
    driver.o(.ARM.exidx.text.ENC0_GetPos) refers to driver.o(.text.ENC0_GetPos) for [Anonymous Symbol]
    driver.o(.text.PWM0_Set_Freq) refers (Special) to _printf_d.o(.ARM.Collect$$_printf_percent$$00000009) for _printf_d
    driver.o(.text.PWM0_Set_Freq) refers (Special) to _printf_dec.o(.text) for _printf_int_dec
    driver.o(.text.PWM0_Set_Freq) refers (Special) to _printf_percent.o(.ARM.Collect$$_printf_percent$$00000000) for _printf_percent
    driver.o(.ARM.exidx.text.PWM0_Set_Freq) refers (Special) to _printf_d.o(.ARM.Collect$$_printf_percent$$00000009) for _printf_d
    driver.o(.ARM.exidx.text.PWM0_Set_Freq) refers (Special) to _printf_dec.o(.text) for _printf_int_dec
    driver.o(.ARM.exidx.text.PWM0_Set_Freq) refers (Special) to _printf_percent.o(.ARM.Collect$$_printf_percent$$00000000) for _printf_percent
    driver.o(.ARM.exidx.text.PWM0_Set_Freq) refers to driver.o(.text.PWM0_Set_Freq) for [Anonymous Symbol]
    driver.o(.text.PWM0_Set_Duty) refers (Special) to _printf_d.o(.ARM.Collect$$_printf_percent$$00000009) for _printf_d
    driver.o(.text.PWM0_Set_Duty) refers (Special) to _printf_dec.o(.text) for _printf_int_dec
    driver.o(.text.PWM0_Set_Duty) refers (Special) to _printf_percent.o(.ARM.Collect$$_printf_percent$$00000000) for _printf_percent
    driver.o(.text.PWM0_Set_Duty) refers to stm32f4xx_gpio.o(.text.GPIO_ResetBits) for GPIO_ResetBits
    driver.o(.text.PWM0_Set_Duty) refers to stm32f4xx_gpio.o(.text.GPIO_SetBits) for GPIO_SetBits
    driver.o(.ARM.exidx.text.PWM0_Set_Duty) refers (Special) to _printf_d.o(.ARM.Collect$$_printf_percent$$00000009) for _printf_d
    driver.o(.ARM.exidx.text.PWM0_Set_Duty) refers (Special) to _printf_dec.o(.text) for _printf_int_dec
    driver.o(.ARM.exidx.text.PWM0_Set_Duty) refers (Special) to _printf_percent.o(.ARM.Collect$$_printf_percent$$00000000) for _printf_percent
    driver.o(.ARM.exidx.text.PWM0_Set_Duty) refers to driver.o(.text.PWM0_Set_Duty) for [Anonymous Symbol]
    driver.o(.text.init_main) refers (Special) to _printf_d.o(.ARM.Collect$$_printf_percent$$00000009) for _printf_d
    driver.o(.text.init_main) refers (Special) to _printf_dec.o(.text) for _printf_int_dec
    driver.o(.text.init_main) refers (Special) to _printf_percent.o(.ARM.Collect$$_printf_percent$$00000000) for _printf_percent
    driver.o(.text.init_main) refers to stm32f4xx_rcc.o(.text.RCC_APB1PeriphClockCmd) for RCC_APB1PeriphClockCmd
    driver.o(.text.init_main) refers to stm32f4xx_rcc.o(.text.RCC_AHB1PeriphClockCmd) for RCC_AHB1PeriphClockCmd
    driver.o(.text.init_main) refers to stm32f4xx_gpio.o(.text.GPIO_Init) for GPIO_Init
    driver.o(.text.init_main) refers to stm32f4xx_gpio.o(.text.GPIO_PinAFConfig) for GPIO_PinAFConfig
    driver.o(.text.init_main) refers to stm32f4xx_tim.o(.text.TIM_TimeBaseInit) for TIM_TimeBaseInit
    driver.o(.text.init_main) refers to stm32f4xx_tim.o(.text.TIM_OC1Init) for TIM_OC1Init
    driver.o(.text.init_main) refers to stm32f4xx_tim.o(.text.TIM_OC1PreloadConfig) for TIM_OC1PreloadConfig
    driver.o(.text.init_main) refers to stm32f4xx_tim.o(.text.TIM_Cmd) for TIM_Cmd
    driver.o(.text.init_main) refers to stm32f4xx_rcc.o(.text.RCC_APB2PeriphClockCmd) for RCC_APB2PeriphClockCmd
    driver.o(.text.init_main) refers to stm32f4xx_tim.o(.text.TIM_EncoderInterfaceConfig) for TIM_EncoderInterfaceConfig
    driver.o(.text.init_main) refers to stm32f4xx_usart.o(.text.USART_Init) for USART_Init
    driver.o(.text.init_main) refers to stm32f4xx_usart.o(.text.USART_Cmd) for USART_Cmd
[...]
    i.__mathlib_dbl_posinfnan                0x08004c18   Section        0  dunder.o(i.__mathlib_dbl_posinfnan)
    i.__mathlib_dbl_underflow                0x08004c30   Section        0  dunder.o(i.__mathlib_dbl_underflow)
    i.__mathlib_expm1                        0x08004c50   Section        0  expm1_i.o(i.__mathlib_expm1)
    i.__mathlib_narrow                       0x08005144   Section        0  narrow.o(i.__mathlib_narrow)
    i.__support_ldexp                        0x08005156   Section        0  ldexp.o(i.__support_ldexp)
    i._is_digit                              0x0800516a   Section        0  __printf_wp.o(i._is_digit)
    i.exp                                    0x08005178   Section        0  exp.o(i.exp)
    i.fabs                                   0x08005188   Section        0  fabs.o(i.fabs)
    i.frexp                                  0x080051a0   Section        0  frexp.o(i.frexp)
    locale$$code                             0x0800522c   Section       44  lc_numeric_c.o(locale$$code)
    locale$$code                             0x08005258   Section       44  lc_ctype_c.o(locale$$code)
    $v0                                      0x08005284   Number         0  basic.o(x$fpl$basic)
    x$fpl$basic                              0x08005284   Section       24  basic.o(x$fpl$basic)
    $v0                                      0x0800529c   Number         0  d2f.o(x$fpl$d2f)
    x$fpl$d2f                                0x0800529c   Section       98  d2f.o(x$fpl$d2f)
    $v0                                      0x08005300   Number         0  daddsub_clz.o(x$fpl$dadd)
    x$fpl$dadd                               0x08005300   Section      336  daddsub_clz.o(x$fpl$dadd)
    _dadd1                                   0x08005311   Thumb Code     0  daddsub_clz.o(x$fpl$dadd)
    $v0                                      0x08005450   Number         0  dcheck1.o(x$fpl$dcheck1)
    x$fpl$dcheck1                            0x08005450   Section       16  dcheck1.o(x$fpl$dcheck1)
    $v0                                      0x08005460   Number         0  dcmpi.o(x$fpl$dcmpinf)
    x$fpl$dcmpinf                            0x08005460   Section       24  dcmpi.o(x$fpl$dcmpinf)
    $v0                                      0x08005478   Number         0  ddiv.o(x$fpl$ddiv)
    x$fpl$ddiv                               0x08005478   Section      688  ddiv.o(x$fpl$ddiv)
    ddiv_entry                               0x0800547f   Thumb Code     0  ddiv.o(x$fpl$ddiv)
    $v0                                      0x08005728   Number         0  deqf.o(x$fpl$deqf)
    x$fpl$deqf                               0x08005728   Section      120  deqf.o(x$fpl$deqf)
    $v0                                      0x080057a0   Number         0  dfix.o(x$fpl$dfix)
    x$fpl$dfix                               0x080057a0   Section       94  dfix.o(x$fpl$dfix)
    $v0                                      0x080057fe   Number         0  dflt_clz.o(x$fpl$dflt)
    x$fpl$dflt                               0x080057fe   Section       46  dflt_clz.o(x$fpl$dflt)
    $v0                                      0x0800582c   Number         0  dflt_clz.o(x$fpl$dfltu)
    x$fpl$dfltu                              0x0800582c   Section       38  dflt_clz.o(x$fpl$dfltu)
    $v0                                      0x08005854   Number         0  dgeqf.o(x$fpl$dgeqf)
    x$fpl$dgeqf                              0x08005854   Section      120  dgeqf.o(x$fpl$dgeqf)
    $v0                                      0x080058cc   Number         0  dleqf.o(x$fpl$dleqf)
    x$fpl$dleqf                              0x080058cc   Section      120  dleqf.o(x$fpl$dleqf)
    $v0                                      0x08005944   Number         0  dmul.o(x$fpl$dmul)
    x$fpl$dmul                               0x08005944   Section      340  dmul.o(x$fpl$dmul)
    $v0                                      0x08005a98   Number         0  dnaninf.o(x$fpl$dnaninf)
    x$fpl$dnaninf                            0x08005a98   Section      156  dnaninf.o(x$fpl$dnaninf)
    $v0                                      0x08005b34   Number         0  dretinf.o(x$fpl$dretinf)
    x$fpl$dretinf                            0x08005b34   Section       12  dretinf.o(x$fpl$dretinf)
    $v0                                      0x08005b40   Number         0  drleqf.o(x$fpl$drleqf)
    x$fpl$drleqf                             0x08005b40   Section      108  drleqf.o(x$fpl$drleqf)
    $v0                                      0x08005bac   Number         0  daddsub_clz.o(x$fpl$drsb)
    x$fpl$drsb                               0x08005bac   Section       22  daddsub_clz.o(x$fpl$drsb)
    $v0                                      0x08005bc4   Number         0  dsqrt_umaal.o(x$fpl$dsqrt)
    x$fpl$dsqrt                              0x08005bc4   Section      408  dsqrt_umaal.o(x$fpl$dsqrt)
    $v0                                      0x08005d5c   Number         0  daddsub_clz.o(x$fpl$dsub)
    x$fpl$dsub                               0x08005d5c   Section      468  daddsub_clz.o(x$fpl$dsub)
    _dsub1                                   0x08005d6d   Thumb Code     0  daddsub_clz.o(x$fpl$dsub)
    $v0                                      0x08005f30   Number         0  dcmp.o(x$fpl$fcmp)
    x$fpl$fcmp                               0x08005f30   Section       84  dcmp.o(x$fpl$fcmp)
    $v0                                      0x08005f84   Number         0  fpinit.o(x$fpl$fpinit)
    x$fpl$fpinit                             0x08005f84   Section       26  fpinit.o(x$fpl$fpinit)
    $v0                                      0x08005f9e   Number         0  fretinf.o(x$fpl$fretinf)
    x$fpl$fretinf                            0x08005f9e   Section       10  fretinf.o(x$fpl$fretinf)
    $v0                                      0x08005fa8   Number         0  istatus.o(x$fpl$ieeestatus)
    x$fpl$ieeestatus                         0x08005fa8   Section        6  istatus.o(x$fpl$ieeestatus)
    $v0                                      0x08005fae   Number         0  retnan.o(x$fpl$retnan)
    x$fpl$retnan                             0x08005fae   Section      100  retnan.o(x$fpl$retnan)
    $v0                                      0x08006012   Number         0  scalbn.o(x$fpl$scalbn)
    x$fpl$scalbn                             0x08006012   Section       92  scalbn.o(x$fpl$scalbn)
    $v0                                      0x0800606e   Number         0  scanf1.o(x$fpl$scanf1)
    x$fpl$scanf1                             0x0800606e   Section        4  scanf1.o(x$fpl$scanf1)
    $v0                                      0x08006072   Number         0  scanf2.o(x$fpl$scanf2)
    x$fpl$scanf2                             0x08006072   Section        8  scanf2.o(x$fpl$scanf2)
    $v0                                      0x0800607a   Number         0  trapv.o(x$fpl$trapveneer)
    x$fpl$trapveneer                         0x0800607a   Section       48  trapv.o(x$fpl$trapveneer)
    x$fpl$usenofp                            0x080060aa   Section        0  usenofp.o(x$fpl$usenofp)
    one                                      0x080060b0   Data           8  cosh.o(.constdata)
    .constdata                               0x080060b0   Section        8  cosh.o(.constdata)
    halF                                     0x080060b8   Data          16  exp.o(.constdata)
    .constdata                               0x080060b8   Section       88  exp.o(.constdata)
    ln2HI                                    0x080060c8   Data          16  exp.o(.constdata)
    ln2LO                                    0x080060d8   Data          16  exp.o(.constdata)
    P                                        0x080060e8   Data          40  exp.o(.constdata)
    C                                        0x08006110   Data          48  cos_i.o(.constdata)
    .constdata                               0x08006110   Section       48  cos_i.o(.constdata)
    Q                                        0x08006140   Data          40  expm1_i.o(.constdata)
    .constdata                               0x08006140   Section       40  expm1_i.o(.constdata)
    pio2s                                    0x08006168   Data          48  rred.o(.constdata)
    .constdata                               0x08006168   Section      204  rred.o(.constdata)
    twooverpi                                0x08006198   Data         156  rred.o(.constdata)
    S                                        0x08006238   Data          40  sin_i.o(.constdata)
    .constdata                               0x08006238   Section       40  sin_i.o(.constdata)
    tenpwrs_x                                0x08006260   Data          60  bigflt0.o(.constdata)
    .constdata                               0x08006260   Section      148  bigflt0.o(.constdata)
    tenpwrs_i                                0x0800629c   Data          64  bigflt0.o(.constdata)
    APBAHBPrescTable                         0x080062f4   Data          16  stm32f4xx_rcc.o(.rodata.APBAHBPrescTable)
    [Anonymous Symbol]                       0x080062f4   Section        0  stm32f4xx_rcc.o(.rodata.APBAHBPrescTable)
    controllers_step.b                       0x08006308   Data          32  controllers.o(.rodata.cst32)
    c$$dinf                                  0x08006348   Section        8  fpconst.o(c$$dinf)
    c$$dmax                                  0x08006350   Section        8  fpconst.o(c$$dmax)
    locale$$data                             0x08006358   Section       28  lc_numeric_c.o(locale$$data)
    __lcnum_c_name                           0x0800635c   Data           2  lc_numeric_c.o(locale$$data)
    __lcnum_c_start                          0x08006364   Data           0  lc_numeric_c.o(locale$$data)
    __lcnum_c_point                          0x08006370   Data           0  lc_numeric_c.o(locale$$data)
    __lcnum_c_thousands                      0x08006372   Data           0  lc_numeric_c.o(locale$$data)
    __lcnum_c_grouping                       0x08006373   Data           0  lc_numeric_c.o(locale$$data)
    __lcnum_c_end                            0x08006374   Data           0  lc_numeric_c.o(locale$$data)
    locale$$data                             0x08006374   Section      272  lc_ctype_c.o(locale$$data)
    __lcctype_c_name                         0x08006378   Data           2  lc_ctype_c.o(locale$$data)
    __lcctype_c_start                        0x08006380   Data           0  lc_ctype_c.o(locale$$data)
    __lcctype_c_end                          0x08006484   Data           0  lc_ctype_c.o(locale$$data)
    .bss                                     0x20000128   Section       96  libspace.o(.bss)
    ENC0_GetPos.p_pre                        0x20000188   Data           4  driver.o(.bss.ENC0_GetPos.p_pre)
    [Anonymous Symbol]                       0x20000188   Section        0  driver.o(.bss.ENC0_GetPos.p_pre)
    ENC0_GetPos.pulse_cur                    0x2000018c   Data           4  driver.o(.bss.ENC0_GetPos.pulse_cur)
    [Anonymous Symbol]                       0x2000018c   Section        0  driver.o(.bss.ENC0_GetPos.pulse_cur)
    OverrunFlag                              0x200001c0   Data           1  main.o(.bss.OverrunFlag)
    [Anonymous Symbol]                       0x200001c0   Section        0  main.o(.bss.OverrunFlag)
    Heap_Mem                                 0x20000d98   Data         512  startup_stm32f40_41xxx.o(HEAP)
    HEAP                                     0x20000d98   Section      512  startup_stm32f40_41xxx.o(HEAP)
    Stack_Mem                                0x20000f98   Data        1024  startup_stm32f40_41xxx.o(STACK)
    STACK                                    0x20000f98   Section     1024  startup_stm32f40_41xxx.o(STACK)
    __initial_sp                             0x20001398   Data           0  startup_stm32f40_41xxx.o(STACK)

    Global Symbols

    Symbol Name                              Value     Ov Type        Size  Object(Section)

    BuildAttributes$$THM_ISAv4$E$P$D$K$B$S$7EM$VFPi3$EXTD16$VFPS$VFMA$PE$A:L22UL41UL21$X:L11$S22US41US21$IEEE1$IW$~IW$USESV6$~STKCKD$USESV7$~SHL$OTIME$ROPI$IEEEX$EBA8$UX$STANDARDLIB$REQ8$PRES8$EABIv2 0x00000000   Number         0  anon$$obj.o ABSOLUTE
    _printf_flags                            0x00000000   Number         0  printf_stubs.o ABSOLUTE
    _printf_return_value                     0x00000000   Number         0  printf_stubs.o ABSOLUTE
    _printf_sizespec                         0x00000000   Number         0  printf_stubs.o ABSOLUTE
    _printf_widthprec                        0x00000000   Number         0  printf_stubs.o ABSOLUTE
    __ARM_exceptions_init                     - Undefined Weak Reference
    __alloca_initialize                       - Undefined Weak Reference
    __arm_preinit_                            - Undefined Weak Reference
    __cpp_initialize__aeabi_                  - Undefined Weak Reference
    __cxa_finalize                            - Undefined Weak Reference
    __sigvec_lookup                           - Undefined Weak Reference
    _atexit_init                              - Undefined Weak Reference
    _call_atexit_fns                          - Undefined Weak Reference
    _clock_init                               - Undefined Weak Reference
    _fp_trap_init                             - Undefined Weak Reference
    _fp_trap_shutdown                         - Undefined Weak Reference
    _get_lc_collate                           - Undefined Weak Reference
    _get_lc_monetary                          - Undefined Weak Reference
    _get_lc_time                              - Undefined Weak Reference
    _getenv_init                              - Undefined Weak Reference
    _handle_redirection                       - Undefined Weak Reference
    _init_alloc                               - Undefined Weak Reference
    _init_user_alloc                          - Undefined Weak Reference
    _initio                                   - Undefined Weak Reference
    _printf_post_padding                      - Undefined Weak Reference
    _printf_pre_padding                       - Undefined Weak Reference
    _printf_truncate_signed                   - Undefined Weak Reference
    _printf_truncate_unsigned                 - Undefined Weak Reference
    _rand_init                                - Undefined Weak Reference
    _signal_finish                            - Undefined Weak Reference
    _signal_init                              - Undefined Weak Reference
    _terminate_alloc                          - Undefined Weak Reference
    _terminate_user_alloc                     - Undefined Weak Reference
    _terminateio                              - Undefined Weak Reference
    __Vectors_Size                           0x00000188   Number         0  startup_stm32f40_41xxx.o ABSOLUTE
    __Vectors                                0x08000000   Data           4  startup_stm32f40_41xxx.o(RESET)
    __Vectors_End                            0x08000188   Data           0  startup_stm32f40_41xxx.o(RESET)
    __main                                   0x08000189   Thumb Code     8  __main.o(!!!main)
    __scatterload                            0x08000191   Thumb Code     0  __scatter.o(!!!scatter)
    __scatterload_rt2                        0x08000191   Thumb Code    44  __scatter.o(!!!scatter)
    __scatterload_rt2_thumb_only             0x08000191   Thumb Code     0  __scatter.o(!!!scatter)
    __scatterload_null                       0x0800019f   Thumb Code     0  __scatter.o(!!!scatter)
    __scatterload_copy                       0x080001c5   Thumb Code    26  __scatter_copy.o(!!handler_copy)
    __scatterload_zeroinit                   0x080001e1   Thumb Code    28  __scatter_zi.o(!!handler_zi)
    _printf_d                                0x080001fd   Thumb Code     0  _printf_d.o(.ARM.Collect$$_printf_percent$$00000009)
    _printf_percent                          0x080001fd   Thumb Code     0  _printf_percent.o(.ARM.Collect$$_printf_percent$$00000000)
    _printf_percent_end                      0x08000203   Thumb Code     0  _printf_percent_end.o(.ARM.Collect$$_printf_percent$$00000017)
    __rt_lib_init                            0x08000207   Thumb Code     0  libinit.o(.ARM.Collect$$libinit$$00000000)
    __rt_lib_init_fp_1                       0x08000209   Thumb Code     0  libinit2.o(.ARM.Collect$$libinit$$00000001)
    __rt_lib_init_heap_1                     0x0800020d   Thumb Code     0  libinit2.o(.ARM.Collect$$libinit$$0000000A)
    __rt_lib_init_lc_common                  0x0800020d   Thumb Code     0  libinit2.o(.ARM.Collect$$libinit$$0000000F)
    __rt_lib_init_preinit_1                  0x0800020d   Thumb Code     0  libinit2.o(.ARM.Collect$$libinit$$00000004)
    __rt_lib_init_rand_1                     0x0800020d   Thumb Code     0  libinit2.o(.ARM.Collect$$libinit$$0000000E)
    __rt_lib_init_user_alloc_1               0x0800020d   Thumb Code     0  libinit2.o(.ARM.Collect$$libinit$$0000000C)
    __rt_lib_init_lc_collate_1               0x08000213   Thumb Code     0  libinit2.o(.ARM.Collect$$libinit$$00000011)
    __rt_lib_init_lc_ctype_2                 0x08000213   Thumb Code     0  libinit2.o(.ARM.Collect$$libinit$$00000012)
    __rt_lib_init_lc_ctype_1                 0x0800021f   Thumb Code     0  libinit2.o(.ARM.Collect$$libinit$$00000013)
    __rt_lib_init_lc_monetary_1              0x0800021f   Thumb Code     0  libinit2.o(.ARM.Collect$$libinit$$00000015)
    __rt_lib_init_lc_numeric_2               0x0800021f   Thumb Code     0  libinit2.o(.ARM.Collect$$libinit$$00000016)
    __rt_lib_init_alloca_1                   0x08000229   Thumb Code     0  libinit2.o(.ARM.Collect$$libinit$$0000002E)
    __rt_lib_init_argv_1                     0x08000229   Thumb Code     0  libinit2.o(.ARM.Collect$$libinit$$0000002C)
    __rt_lib_init_atexit_1                   0x08000229   Thumb Code     0  libinit2.o(.ARM.Collect$$libinit$$0000001B)
    __rt_lib_init_clock_1                    0x08000229   Thumb Code     0  libinit2.o(.ARM.Collect$$libinit$$00000021)
    __rt_lib_init_cpp_1                      0x08000229   Thumb Code     0  libinit2.o(.ARM.Collect$$libinit$$00000032)
    __rt_lib_init_exceptions_1               0x08000229   Thumb Code     0  libinit2.o(.ARM.Collect$$libinit$$00000030)
    __rt_lib_init_fp_trap_1                  0x08000229   Thumb Code     0  libinit2.o(.ARM.Collect$$libinit$$0000001F)
    __rt_lib_init_getenv_1                   0x08000229   Thumb Code     0  libinit2.o(.ARM.Collect$$libinit$$00000023)
    __rt_lib_init_lc_numeric_1               0x08000229   Thumb Code     0  libinit2.o(.ARM.Collect$$libinit$$00000017)
    __rt_lib_init_lc_time_1                  0x08000229   Thumb Code     0  libinit2.o(.ARM.Collect$$libinit$$00000019)
    __rt_lib_init_return                     0x08000229   Thumb Code     0  libinit2.o(.ARM.Collect$$libinit$$00000033)
    __rt_lib_init_signal_1                   0x08000229   Thumb Code     0  libinit2.o(.ARM.Collect$$libinit$$0000001D)
    __rt_lib_init_stdio_1                    0x08000229   Thumb Code     0  libinit2.o(.ARM.Collect$$libinit$$00000025)
    __rt_lib_shutdown                        0x0800022b   Thumb Code     0  libshutdown.o(.ARM.Collect$$libshutdown$$00000000)
    __rt_lib_shutdown_cpp_1                  0x0800022d   Thumb Code     0  libshutdown2.o(.ARM.Collect$$libshutdown$$00000002)
    __rt_lib_shutdown_fp_trap_1              0x0800022d   Thumb Code     0  libshutdown2.o(.ARM.Collect$$libshutdown$$00000007)
    __rt_lib_shutdown_heap_1                 0x0800022d   Thumb Code     0  libshutdown2.o(.ARM.Collect$$libshutdown$$0000000F)
    __rt_lib_shutdown_return                 0x0800022d   Thumb Code     0  libshutdown2.o(.ARM.Collect$$libshutdown$$00000010)
    __rt_lib_shutdown_signal_1               0x0800022d   Thumb Code     0  libshutdown2.o(.ARM.Collect$$libshutdown$$0000000A)
    __rt_lib_shutdown_stdio_1                0x0800022d   Thumb Code     0  libshutdown2.o(.ARM.Collect$$libshutdown$$00000004)
    __rt_lib_shutdown_user_alloc_1           0x0800022d   Thumb Code     0  libshutdown2.o(.ARM.Collect$$libshutdown$$0000000C)
    __rt_entry                               0x0800022f   Thumb Code     0  __rtentry.o(.ARM.Collect$$rtentry$$00000000)
    __rt_entry_presh_1                       0x0800022f   Thumb Code     0  __rtentry2.o(.ARM.Collect$$rtentry$$00000002)
    __rt_entry_sh                            0x0800022f   Thumb Code     0  __rtentry4.o(.ARM.Collect$$rtentry$$00000004)
    __rt_entry_li                            0x08000235   Thumb Code     0  __rtentry2.o(.ARM.Collect$$rtentry$$0000000A)
    __rt_entry_postsh_1                      0x08000235   Thumb Code     0  __rtentry2.o(.ARM.Collect$$rtentry$$00000009)
    __rt_entry_main                          0x08000239   Thumb Code     0  __rtentry2.o(.ARM.Collect$$rtentry$$0000000D)
    __rt_entry_postli_1                      0x08000239   Thumb Code     0  __rtentry2.o(.ARM.Collect$$rtentry$$0000000C)
    __rt_exit                                0x08000241   Thumb Code     0  rtexit.o(.ARM.Collect$$rtexit$$00000000)
    __rt_exit_ls                             0x08000243   Thumb Code     0  rtexit2.o(.ARM.Collect$$rtexit$$00000003)
    __rt_exit_prels_1                        0x08000243   Thumb Code     0  rtexit2.o(.ARM.Collect$$rtexit$$00000002)
    __rt_exit_exit                           0x08000247   Thumb Code     0  rtexit2.o(.ARM.Collect$$rtexit$$00000004)
    Reset_Handler                            0x0800024d   Thumb Code     8  startup_stm32f40_41xxx.o(.text)
    ADC_IRQHandler                           0x08000267   Thumb Code     0  startup_stm32f40_41xxx.o(.text)
    CAN1_RX0_IRQHandler                      0x08000267   Thumb Code     0  startup_stm32f40_41xxx.o(.text)
    CAN1_RX1_IRQHandler                      0x08000267   Thumb Code     0  startup_stm32f40_41xxx.o(.text)
    CAN1_SCE_IRQHandler                      0x08000267   Thumb Code     0  startup_stm32f40_41xxx.o(.text)
    CAN1_TX_IRQHandler                       0x08000267   Thumb Code     0  startup_stm32f40_41xxx.o(.text)
    CAN2_RX0_IRQHandler                      0x08000267   Thumb Code     0  startup_stm32f40_41xxx.o(.text)
    CAN2_RX1_IRQHandler                      0x08000267   Thumb Code     0  startup_stm32f40_41xxx.o(.text)
    CAN2_SCE_IRQHandler                      0x08000267   Thumb Code     0  startup_stm32f40_41xxx.o(.text)
    CAN2_TX_IRQHandler                       0x08000267   Thumb Code     0  startup_stm32f40_41xxx.o(.text)
    CRYP_IRQHandler                          0x08000267   Thumb Code     0  startup_stm32f40_41xxx.o(.text)
    DCMI_IRQHandler                          0x08000267   Thumb Code     0  startup_stm32f40_41xxx.o(.text)
    DMA1_Stream0_IRQHandler                  0x08000267   Thumb Code     0  startup_stm32f40_41xxx.o(.text)
    DMA1_Stream1_IRQHandler                  0x08000267   Thumb Code     0  startup_stm32f40_41xxx.o(.text)
    DMA1_Stream2_IRQHandler                  0x08000267   Thumb Code     0  startup_stm32f40_41xxx.o(.text)
    DMA1_Stream3_IRQHandler                  0x08000267   Thumb Code     0  startup_stm32f40_41xxx.o(.text)
    DMA1_Stream4_IRQHandler                  0x08000267   Thumb Code     0  startup_stm32f40_41xxx.o(.text)
    DMA1_Stream6_IRQHandler                  0x08000267   Thumb Code     0  startup_stm32f40_41xxx.o(.text)
    DMA1_Stream7_IRQHandler                  0x08000267   Thumb Code     0  startup_stm32f40_41xxx.o(.text)
    DMA2_Stream0_IRQHandler                  0x08000267   Thumb Code     0  startup_stm32f40_41xxx.o(.text)
    DMA2_Stream1_IRQHandler                  0x08000267   Thumb Code     0  startup_stm32f40_41xxx.o(.text)
    DMA2_Stream2_IRQHandler                  0x08000267   Thumb Code     0  startup_stm32f40_41xxx.o(.text)
    DMA2_Stream3_IRQHandler                  0x08000267   Thumb Code     0  startup_stm32f40_41xxx.o(.text)
    DMA2_Stream4_IRQHandler                  0x08000267   Thumb Code     0  startup_stm32f40_41xxx.o(.text)
    DMA2_Stream5_IRQHandler                  0x08000267   Thumb Code     0  startup_stm32f40_41xxx.o(.text)
    DMA2_Stream6_IRQHandler                  0x08000267   Thumb Code     0  startup_stm32f40_41xxx.o(.text)
    DMA2_Stream7_IRQHandler                  0x08000267   Thumb Code     0  startup_stm32f40_41xxx.o(.text)
    ETH_IRQHandler                           0x08000267   Thumb Code     0  startup_stm32f40_41xxx.o(.text)
    ETH_WKUP_IRQHandler                      0x08000267   Thumb Code     0  startup_stm32f40_41xxx.o(.text)
    EXTI0_IRQHandler                         0x08000267   Thumb Code     0  startup_stm32f40_41xxx.o(.text)
    EXTI15_10_IRQHandler                     0x08000267   Thumb Code     0  startup_stm32f40_41xxx.o(.text)
    EXTI1_IRQHandler                         0x08000267   Thumb Code     0  startup_stm32f40_41xxx.o(.text)
    EXTI2_IRQHandler                         0x08000267   Thumb Code     0  startup_stm32f40_41xxx.o(.text)
    EXTI3_IRQHandler                         0x08000267   Thumb Code     0  startup_stm32f40_41xxx.o(.text)
    EXTI4_IRQHandler                         0x08000267   Thumb Code     0  startup_stm32f40_41xxx.o(.text)
    EXTI9_5_IRQHandler                       0x08000267   Thumb Code     0  startup_stm32f40_41xxx.o(.text)
    FLASH_IRQHandler                         0x08000267   Thumb Code     0  startup_stm32f40_41xxx.o(.text)
    FPU_IRQHandler                           0x08000267   Thumb Code     0  startup_stm32f40_41xxx.o(.text)
    FSMC_IRQHandler                          0x08000267   Thumb Code     0  startup_stm32f40_41xxx.o(.text)
    HASH_RNG_IRQHandler                      0x08000267   Thumb Code     0  startup_stm32f40_41xxx.o(.text)
    I2C1_ER_IRQHandler                       0x08000267   Thumb Code     0  startup_stm32f40_41xxx.o(.text)
    I2C1_EV_IRQHandler                       0x08000267   Thumb Code     0  startup_stm32f40_41xxx.o(.text)
    I2C2_ER_IRQHandler                       0x08000267   Thumb Code     0  startup_stm32f40_41xxx.o(.text)
    I2C2_EV_IRQHandler                       0x08000267   Thumb Code     0  startup_stm32f40_41xxx.o(.text)
    I2C3_ER_IRQHandler                       0x08000267   Thumb Code     0  startup_stm32f40_41xxx.o(.text)
    I2C3_EV_IRQHandler                       0x08000267   Thumb Code     0  startup_stm32f40_41xxx.o(.text)
    OTG_FS_IRQHandler                        0x08000267   Thumb Code     0  startup_stm32f40_41xxx.o(.text)
    OTG_FS_WKUP_IRQHandler                   0x08000267   Thumb Code     0  startup_stm32f40_41xxx.o(.text)
    OTG_HS_EP1_IN_IRQHandler                 0x08000267   Thumb Code     0  startup_stm32f40_41xxx.o(.text)
    OTG_HS_EP1_OUT_IRQHandler                0x08000267   Thumb Code     0  startup_stm32f40_41xxx.o(.text)
    OTG_HS_IRQHandler                        0x08000267   Thumb Code     0  startup_stm32f40_41xxx.o(.text)
    OTG_HS_WKUP_IRQHandler                   0x08000267   Thumb Code     0  startup_stm32f40_41xxx.o(.text)
    PVD_IRQHandler                           0x08000267   Thumb Code     0  startup_stm32f40_41xxx.o(.text)
    RCC_IRQHandler                           0x08000267   Thumb Code     0  startup_stm32f40_41xxx.o(.text)
    RTC_Alarm_IRQHandler                     0x08000267   Thumb Code     0  startup_stm32f40_41xxx.o(.text)
    RTC_WKUP_IRQHandler                      0x08000267   Thumb Code     0  startup_stm32f40_41xxx.o(.text)
    SDIO_IRQHandler                          0x08000267   Thumb Code     0  startup_stm32f40_41xxx.o(.text)
    SPI1_IRQHandler                          0x08000267   Thumb Code     0  startup_stm32f40_41xxx.o(.text)
    SPI2_IRQHandler                          0x08000267   Thumb Code     0  startup_stm32f40_41xxx.o(.text)
    SPI3_IRQHandler                          0x08000267   Thumb Code     0  startup_stm32f40_41xxx.o(.text)
    TAMP_STAMP_IRQHandler                    0x08000267   Thumb Code     0  startup_stm32f40_41xxx.o(.text)
    TIM1_BRK_TIM9_IRQHandler                 0x08000267   Thumb Code     0  startup_stm32f40_41xxx.o(.text)
    TIM1_CC_IRQHandler                       0x08000267   Thumb Code     0  startup_stm32f40_41xxx.o(.text)
    TIM1_TRG_COM_TIM11_IRQHandler            0x08000267   Thumb Code     0  startup_stm32f40_41xxx.o(.text)
    TIM1_UP_TIM10_IRQHandler                 0x08000267   Thumb Code     0  startup_stm32f40_41xxx.o(.text)
    TIM2_IRQHandler                          0x08000267   Thumb Code     0  startup_stm32f40_41xxx.o(.text)
    TIM3_IRQHandler                          0x08000267   Thumb Code     0  startup_stm32f40_41xxx.o(.text)
    TIM4_IRQHandler                          0x08000267   Thumb Code     0  startup_stm32f40_41xxx.o(.text)
    TIM5_IRQHandler                          0x08000267   Thumb Code     0  startup_stm32f40_41xxx.o(.text)
    TIM6_DAC_IRQHandler                      0x08000267   Thumb Code     0  startup_stm32f40_41xxx.o(.text)
    TIM7_IRQHandler                          0x08000267   Thumb Code     0  startup_stm32f40_41xxx.o(.text)
    TIM8_BRK_TIM12_IRQHandler                0x08000267   Thumb Code     0  startup_stm32f40_41xxx.o(.text)
    TIM8_CC_IRQHandler                       0x08000267   Thumb Code     0  startup_stm32f40_41xxx.o(.text)
    TIM8_TRG_COM_TIM14_IRQHandler            0x08000267   Thumb Code     0  startup_stm32f40_41xxx.o(.text)
    TIM8_UP_TIM13_IRQHandler                 0x08000267   Thumb Code     0  startup_stm32f40_41xxx.o(.text)
    UART4_IRQHandler                         0x08000267   Thumb Code     0  startup_stm32f40_41xxx.o(.text)
    UART5_IRQHandler                         0x08000267   Thumb Code     0  startup_stm32f40_41xxx.o(.text)
    USART1_IRQHandler                        0x08000267   Thumb Code     0  startup_stm32f40_41xxx.o(.text)
    USART2_IRQHandler                        0x08000267   Thumb Code     0  startup_stm32f40_41xxx.o(.text)
    USART3_IRQHandler                        0x08000267   Thumb Code     0  startup_stm32f40_41xxx.o(.text)
    USART6_IRQHandler                        0x08000267   Thumb Code     0  startup_stm32f40_41xxx.o(.text)
    WWDG_IRQHandler                          0x08000267   Thumb Code     0  startup_stm32f40_41xxx.o(.text)
    __user_initial_stackheap                 0x08000269   Thumb Code     0  startup_stm32f40_41xxx.o(.text)
    __2sprintf                               0x0800028d   Thumb Code    38  __2sprintf.o(.text)
    __printf                                 0x080002b9   Thumb Code   104  __printf.o(.text)
    _printf_int_dec                          0x08000321   Thumb Code   104  _printf_dec.o(.text)
    __aeabi_memcpy                           0x08000399   Thumb Code     0  rt_memcpy_v6.o(.text)
    __rt_memcpy                              0x08000399   Thumb Code   138  rt_memcpy_v6.o(.text)
    _memcpy_lastbytes                        0x080003ff   Thumb Code     0  rt_memcpy_v6.o(.text)
    __aeabi_memclr4                          0x08000423   Thumb Code     0  rt_memclr_w.o(.text)
    __aeabi_memclr8                          0x08000423   Thumb Code     0  rt_memclr_w.o(.text)
    __rt_memclr_w                            0x08000423   Thumb Code    78  rt_memclr_w.o(.text)
    _memset_w                                0x08000427   Thumb Code     0  rt_memclr_w.o(.text)
    __use_two_region_memory                  0x08000471   Thumb Code     2  heapauxi.o(.text)
    __rt_heap_escrow$2region                 0x08000473   Thumb Code     2  heapauxi.o(.text)
    __rt_heap_expand$2region                 0x08000475   Thumb Code     2  heapauxi.o(.text)
    __read_errno                             0x08000477   Thumb Code    10  _rserrno.o(.text)
    __set_errno                              0x08000481   Thumb Code    12  _rserrno.o(.text)
    _printf_int_common                       0x0800048d   Thumb Code   178  _printf_intcommon.o(.text)
    _printf_char_common                      0x0800054b   Thumb Code    32  _printf_char_common.o(.text)
    _sputc                                   0x08000571   Thumb Code    10  _sputc.o(.text)
    __strtod_int                             0x080005c1   Thumb Code    94  strtod.o(.text)
    __aeabi_memcpy4                          0x0800062d   Thumb Code     0  rt_memcpy_w.o(.text)
    __aeabi_memcpy8                          0x0800062d   Thumb Code     0  rt_memcpy_w.o(.text)
    __rt_memcpy_w                            0x0800062d   Thumb Code   100  rt_memcpy_w.o(.text)
    _memcpy_lastbytes_aligned                0x08000675   Thumb Code     0  rt_memcpy_w.o(.text)
    __aeabi_errno_addr                       0x08000691   Thumb Code     8  rt_errno_addr_intlibspace.o(.text)
    __errno$intlibspace                      0x08000691   Thumb Code     0  rt_errno_addr_intlibspace.o(.text)
    __rt_errno_addr$intlibspace              0x08000691   Thumb Code     0  rt_errno_addr_intlibspace.o(.text)
    isspace                                  0x08000699   Thumb Code    18  isspace.o(.text)
    _sgetc                                   0x080006ab   Thumb Code    30  _sgetc.o(.text)
    _sbackspace                              0x080006c9   Thumb Code    34  _sgetc.o(.text)
    __user_libspace                          0x080006ed   Thumb Code     8  libspace.o(.text)
    __user_perproc_libspace                  0x080006ed   Thumb Code     0  libspace.o(.text)
    __user_perthread_libspace                0x080006ed   Thumb Code     0  libspace.o(.text)
    __user_setup_stackheap                   0x080006f5   Thumb Code    74  sys_stackheap_outer.o(.text)
    __rt_ctype_table                         0x08000741   Thumb Code    16  rt_ctype_table.o(.text)
    _scanf_really_real                       0x0800099d   Thumb Code   684  scanf_fp.o(.text)
    exit                                     0x08000c49   Thumb Code    18  exit.o(.text)
    strcmp                                   0x08000c61   Thumb Code   124  strcmpv7em.o(.text)
    __rt_locale                              0x08000cdd   Thumb Code     8  rt_locale_intlibspace.o(.text)
    __aeabi_llsl                             0x08000ce5   Thumb Code     0  llshl.o(.text)
    _ll_shift_l                              0x08000ce5   Thumb Code    38  llshl.o(.text)
    _btod_etento                             0x08000d0d   Thumb Code   224  bigflt0.o(.text)
    _scanf_really_hex_real                   0x08000df1   Thumb Code   786  scanf_hexfp.o(.text)
    _scanf_really_infnan                     0x08001111   Thumb Code   292  scanf_infnan.o(.text)
    _sys_exit                                0x08001245   Thumb Code     8  sys_exit.o(.text)
    _chval                                   0x08001251   Thumb Code    28  _chval.o(.text)
    __I$use$semihosting                      0x0800126d   Thumb Code     0  use_no_semi.o(.text)
    __use_no_semihosting_swi                 0x0800126d   Thumb Code     2  use_no_semi.o(.text)
    __semihosting_library_function           0x0800126f   Thumb Code     0  indicate_semi.o(.text)
    BusFault_Handler                         0x08001271   Thumb Code     2  system_timetick.o(.text.BusFault_Handler)
    ConvertByteToDouble                      0x08001275   Thumb Code    26  driver.o(.text.ConvertByteToDouble)
    DMA1_Stream5_IRQHandler                  0x08001291   Thumb Code   340  driver.o(.text.DMA1_Stream5_IRQHandler)
    DMA_ClearFlag                            0x080013e5   Thumb Code    50  stm32f4xx_dma.o(.text.DMA_ClearFlag)
    DMA_ClearITPendingBit                    0x08001419   Thumb Code    50  stm32f4xx_dma.o(.text.DMA_ClearITPendingBit)
    DMA_Cmd                                  0x0800144d   Thumb Code    18  stm32f4xx_dma.o(.text.DMA_Cmd)
    DMA_ITConfig                             0x08001461   Thumb Code    52  stm32f4xx_dma.o(.text.DMA_ITConfig)
    DMA_Init                                 0x08001495   Thumb Code   102  stm32f4xx_dma.o(.text.DMA_Init)
    DebugMon_Handler                         0x080014fd   Thumb Code     2  system_timetick.o(.text.DebugMon_Handler)
    ENC0_GetPos                              0x08001501   Thumb Code    76  driver.o(.text.ENC0_GetPos)
    GPIO_Init                                0x0800154d   Thumb Code   134  stm32f4xx_gpio.o(.text.GPIO_Init)
    GPIO_PinAFConfig                         0x080015d5   Thumb Code    40  stm32f4xx_gpio.o(.text.GPIO_PinAFConfig)
    GPIO_ResetBits                           0x080015fd   Thumb Code     4  stm32f4xx_gpio.o(.text.GPIO_ResetBits)
    GPIO_SetBits                             0x08001601   Thumb Code     4  stm32f4xx_gpio.o(.text.GPIO_SetBits)
    HardFault_Handler                        0x08001605   Thumb Code     2  system_timetick.o(.text.HardFault_Handler)
    MemManage_Handler                        0x08001609   Thumb Code     2  system_timetick.o(.text.MemManage_Handler)
    NMI_Handler                              0x0800160d   Thumb Code     2  system_timetick.o(.text.NMI_Handler)
    NVIC_Init                                0x08001611   Thumb Code    98  misc.o(.text.NVIC_Init)
    PWM0_Set_Duty                            0x08001675   Thumb Code   132  driver.o(.text.PWM0_Set_Duty)
    PWM0_Set_Freq                            0x080016f9   Thumb Code    42  driver.o(.text.PWM0_Set_Freq)
    PendSV_Handler                           0x08001725   Thumb Code     2  system_timetick.o(.text.PendSV_Handler)
    RCC_AHB1PeriphClockCmd                   0x08001729   Thumb Code    24  stm32f4xx_rcc.o(.text.RCC_AHB1PeriphClockCmd)
    RCC_APB1PeriphClockCmd                   0x08001741   Thumb Code    24  stm32f4xx_rcc.o(.text.RCC_APB1PeriphClockCmd)
    RCC_APB2PeriphClockCmd                   0x08001759   Thumb Code    24  stm32f4xx_rcc.o(.text.RCC_APB2PeriphClockCmd)
    RCC_GetClocksFreq                        0x08001771   Thumb Code   150  stm32f4xx_rcc.o(.text.RCC_GetClocksFreq)
    SVC_Handler                              0x08001809   Thumb Code     2  system_timetick.o(.text.SVC_Handler)
    SysTick_Handler                          0x080018f1   Thumb Code    28  system_timetick.o(.text.SysTick_Handler)
    SystemInit                               0x0800190d   Thumb Code    86  system_stm32f4xx.o(.text.SystemInit)
    TIM_Cmd                                  0x08001965   Thumb Code    18  stm32f4xx_tim.o(.text.TIM_Cmd)
    TIM_EncoderInterfaceConfig               0x08001979   Thumb Code    48  stm32f4xx_tim.o(.text.TIM_EncoderInterfaceConfig)
    TIM_OC1Init                              0x080019a9   Thumb Code   108  stm32f4xx_tim.o(.text.TIM_OC1Init)
    TIM_OC1PreloadConfig                     0x08001a15   Thumb Code    12  stm32f4xx_tim.o(.text.TIM_OC1PreloadConfig)
    TIM_TimeBaseInit                         0x08001a21   Thumb Code   146  stm32f4xx_tim.o(.text.TIM_TimeBaseInit)
    USART_Cmd                                0x08001ab5   Thumb Code    18  stm32f4xx_usart.o(.text.USART_Cmd)
    USART_DMACmd                             0x08001ac9   Thumb Code    16  stm32f4xx_usart.o(.text.USART_DMACmd)
    USART_Init                               0x08001ad9   Thumb Code   182  stm32f4xx_usart.o(.text.USART_Init)
    UsageFault_Handler                       0x08001b91   Thumb Code     2  system_timetick.o(.text.UsageFault_Handler)
    controllers_initialize                   0x08001dd1   Thumb Code   242  controllers.o(.text.controllers_initialize)
    controllers_step                         0x08002149   Thumb Code  3286  controllers.o(.text.controllers_step)
    delay_01ms                               0x08002e21   Thumb Code    64  driver.o(.text.delay_01ms)
    init_main                                0x08002e61   Thumb Code   616  driver.o(.text.init_main)
    main                                     0x080030c9   Thumb Code   664  main.o(.text.main)
    rt_OneStep                               0x08003361   Thumb Code    56  main.o(.text.rt_OneStep)
    send_data                                0x08003399   Thumb Code   104  driver.o(.text.send_data)
    __btod_div_common                        0x08003401   Thumb Code   696  btod.o(CL$$btod_div_common)
    _e2d                                     0x08003739   Thumb Code   122  btod.o(CL$$btod_e2d)
    _e2e                                     0x080037bd   Thumb Code   220  btod.o(CL$$btod_e2e)
    _btod_ediv                               0x08003899   Thumb Code    42  btod.o(CL$$btod_ediv)
    _btod_edivd                              0x080038c3   Thumb Code    42  btod.o(CL$$btod_edivd)
    _btod_emul                               0x080038ed   Thumb Code    42  btod.o(CL$$btod_emul)
    _btod_emuld                              0x08003917   Thumb Code    42  btod.o(CL$$btod_emuld)
    __btod_mult_common                       0x08003941   Thumb Code   580  btod.o(CL$$btod_mult_common)
    __ARM_fpclassify                         0x08003b85   Thumb Code    48  fpclassify.o(i.__ARM_fpclassify)
    __hardfp___mathlib_tofloat               0x08003bb9   Thumb Code   232  narrow.o(i.__hardfp___mathlib_tofloat)
    __hardfp_atof                            0x08003cb1   Thumb Code    46  atof.o(i.__hardfp_atof)
    __hardfp_cos                             0x08003ce9   Thumb Code   180  cos.o(i.__hardfp_cos)
    __hardfp_cosh                            0x08003db1   Thumb Code   358  cosh.o(i.__hardfp_cosh)
    __hardfp_exp                             0x08003f49   Thumb Code   714  exp.o(i.__hardfp_exp)
    __hardfp_ldexp                           0x080042a1   Thumb Code   200  ldexp.o(i.__hardfp_ldexp)
    __hardfp_sqrt                            0x08004371   Thumb Code   122  sqrt.o(i.__hardfp_sqrt)
    __ieee754_rem_pio2                       0x080043f1   Thumb Code   938  rred.o(i.__ieee754_rem_pio2)
    __kernel_cos                             0x08004829   Thumb Code   322  cos_i.o(i.__kernel_cos)
    __kernel_poly                            0x08004999   Thumb Code   248  poly.o(i.__kernel_poly)
    __kernel_sin                             0x08004a91   Thumb Code   280  sin_i.o(i.__kernel_sin)
    __mathlib_dbl_infnan                     0x08004bc1   Thumb Code    20  dunder.o(i.__mathlib_dbl_infnan)
    __mathlib_dbl_invalid                    0x08004bd9   Thumb Code    24  dunder.o(i.__mathlib_dbl_invalid)
    __mathlib_dbl_overflow                   0x08004bf9   Thumb Code    24  dunder.o(i.__mathlib_dbl_overflow)
    __mathlib_dbl_posinfnan                  0x08004c19   Thumb Code    20  dunder.o(i.__mathlib_dbl_posinfnan)
    __mathlib_dbl_underflow                  0x08004c31   Thumb Code    24  dunder.o(i.__mathlib_dbl_underflow)
    __mathlib_expm1                          0x08004c51   Thumb Code  1268  expm1_i.o(i.__mathlib_expm1)
    __mathlib_narrow                         0x08005145   Thumb Code    18  narrow.o(i.__mathlib_narrow)
    __support_ldexp                          0x08005157   Thumb Code    20  ldexp.o(i.__support_ldexp)
    _is_digit                                0x0800516b   Thumb Code    14  __printf_wp.o(i._is_digit)
    exp                                      0x08005179   Thumb Code    16  exp.o(i.exp)
    fabs                                     0x08005189   Thumb Code    24  fabs.o(i.fabs)
    frexp                                    0x080051a1   Thumb Code   118  frexp.o(i.frexp)
    _get_lc_numeric                          0x0800522d   Thumb Code    44  lc_numeric_c.o(locale$$code)
    _get_lc_ctype                            0x08005259   Thumb Code    44  lc_ctype_c.o(locale$$code)
    __aeabi_dneg                             0x08005285   Thumb Code     0  basic.o(x$fpl$basic)
    _dneg                                    0x08005285   Thumb Code     6  basic.o(x$fpl$basic)
    __aeabi_fneg                             0x0800528b   Thumb Code     0  basic.o(x$fpl$basic)
    _fneg                                    0x0800528b   Thumb Code     6  basic.o(x$fpl$basic)
    _dabs                                    0x08005291   Thumb Code     6  basic.o(x$fpl$basic)
    _fabs                                    0x08005297   Thumb Code     6  basic.o(x$fpl$basic)
    __aeabi_d2f                              0x0800529d   Thumb Code     0  d2f.o(x$fpl$d2f)
    _d2f                                     0x0800529d   Thumb Code    98  d2f.o(x$fpl$d2f)
    __aeabi_dadd                             0x08005301   Thumb Code     0  daddsub_clz.o(x$fpl$dadd)
    _dadd                                    0x08005301   Thumb Code   332  daddsub_clz.o(x$fpl$dadd)
    __fpl_dcheck_NaN1                        0x08005451   Thumb Code    10  dcheck1.o(x$fpl$dcheck1)
    __fpl_dcmp_Inf                           0x08005461   Thumb Code    24  dcmpi.o(x$fpl$dcmpinf)
    __aeabi_ddiv                             0x08005479   Thumb Code     0  ddiv.o(x$fpl$ddiv)
    _ddiv                                    0x08005479   Thumb Code   552  ddiv.o(x$fpl$ddiv)
    __aeabi_cdcmpeq                          0x08005729   Thumb Code     0  deqf.o(x$fpl$deqf)
    _dcmpeq                                  0x08005729   Thumb Code   120  deqf.o(x$fpl$deqf)
    __aeabi_d2iz                             0x080057a1   Thumb Code     0  dfix.o(x$fpl$dfix)
    _dfix                                    0x080057a1   Thumb Code    94  dfix.o(x$fpl$dfix)
    __aeabi_i2d                              0x080057ff   Thumb Code     0  dflt_clz.o(x$fpl$dflt)
    _dflt                                    0x080057ff   Thumb Code    46  dflt_clz.o(x$fpl$dflt)
    __aeabi_ui2d                             0x0800582d   Thumb Code     0  dflt_clz.o(x$fpl$dfltu)
    _dfltu                                   0x0800582d   Thumb Code    38  dflt_clz.o(x$fpl$dfltu)
    __aeabi_cdcmpge                          0x08005855   Thumb Code     0  dgeqf.o(x$fpl$dgeqf)
    _dcmpge                                  0x08005855   Thumb Code   120  dgeqf.o(x$fpl$dgeqf)
    __aeabi_cdcmple                          0x080058cd   Thumb Code     0  dleqf.o(x$fpl$dleqf)
    _dcmple                                  0x080058cd   Thumb Code   120  dleqf.o(x$fpl$dleqf)
    __fpl_dcmple_InfNaN                      0x0800592f   Thumb Code     0  dleqf.o(x$fpl$dleqf)
    __aeabi_dmul                             0x08005945   Thumb Code     0  dmul.o(x$fpl$dmul)
    _dmul                                    0x08005945   Thumb Code   332  dmul.o(x$fpl$dmul)
    __fpl_dnaninf                            0x08005a99   Thumb Code   156  dnaninf.o(x$fpl$dnaninf)
    __fpl_dretinf                            0x08005b35   Thumb Code    12  dretinf.o(x$fpl$dretinf)
    __aeabi_cdrcmple                         0x08005b41   Thumb Code     0  drleqf.o(x$fpl$drleqf)
    _drcmple                                 0x08005b41   Thumb Code   108  drleqf.o(x$fpl$drleqf)
    __aeabi_drsub                            0x08005bad   Thumb Code     0  daddsub_clz.o(x$fpl$drsb)
    _drsb                                    0x08005bad   Thumb Code    22  daddsub_clz.o(x$fpl$drsb)
    _dsqrt                                   0x08005bc5   Thumb Code   404  dsqrt_umaal.o(x$fpl$dsqrt)
    __aeabi_dsub                             0x08005d5d   Thumb Code     0  daddsub_clz.o(x$fpl$dsub)
    _dsub                                    0x08005d5d   Thumb Code   464  daddsub_clz.o(x$fpl$dsub)
    __aeabi_dcmpeq                           0x08005f31   Thumb Code     0  dcmp.o(x$fpl$fcmp)
    _deq                                     0x08005f31   Thumb Code    14  dcmp.o(x$fpl$fcmp)
    _dneq                                    0x08005f3f   Thumb Code    14  dcmp.o(x$fpl$fcmp)
    __aeabi_dcmpgt                           0x08005f4d   Thumb Code     0  dcmp.o(x$fpl$fcmp)
    _dgr                                     0x08005f4d   Thumb Code    14  dcmp.o(x$fpl$fcmp)
    __aeabi_dcmpge                           0x08005f5b   Thumb Code     0  dcmp.o(x$fpl$fcmp)
    _dgeq                                    0x08005f5b   Thumb Code    14  dcmp.o(x$fpl$fcmp)
    __aeabi_dcmple                           0x08005f69   Thumb Code     0  dcmp.o(x$fpl$fcmp)
    _dleq                                    0x08005f69   Thumb Code    14  dcmp.o(x$fpl$fcmp)
    __aeabi_dcmplt                           0x08005f77   Thumb Code     0  dcmp.o(x$fpl$fcmp)
    _dls                                     0x08005f77   Thumb Code    14  dcmp.o(x$fpl$fcmp)
    _fp_init                                 0x08005f85   Thumb Code    26  fpinit.o(x$fpl$fpinit)
    __fplib_config_fpu_vfp                   0x08005f9d   Thumb Code     0  fpinit.o(x$fpl$fpinit)
    __fplib_config_pureend_doubles           0x08005f9d   Thumb Code     0  fpinit.o(x$fpl$fpinit)
    __fpl_fretinf                            0x08005f9f   Thumb Code    10  fretinf.o(x$fpl$fretinf)
    __ieee_status                            0x08005fa9   Thumb Code     6  istatus.o(x$fpl$ieeestatus)
    __fpl_return_NaN                         0x08005faf   Thumb Code   100  retnan.o(x$fpl$retnan)
    __ARM_scalbn                             0x08006013   Thumb Code    92  scalbn.o(x$fpl$scalbn)
    _scanf_real                              0x0800606f   Thumb Code     4  scanf1.o(x$fpl$scanf1)
    _scanf_hex_real                          0x08006073   Thumb Code     4  scanf2.o(x$fpl$scanf2)
    _scanf_infnan                            0x08006077   Thumb Code     4  scanf2.o(x$fpl$scanf2)
    __fpl_cmpreturn                          0x0800607b   Thumb Code    48  trapv.o(x$fpl$trapveneer)
    __I$use$fp                               0x080060aa   Number         0  usenofp.o(x$fpl$usenofp)
    controllers_M                            0x08006304   Data           4  controllers.o(.rodata.controllers_M)
    Region$$Table$$Base                      0x08006328   Number         0  anon$$obj.o(Region$$Table)
    Region$$Table$$Limit                     0x08006348   Number         0  anon$$obj.o(Region$$Table)
    __aeabi_HUGE_VAL                         0x08006348   Data           0  fpconst.o(c$$dinf)
    __aeabi_HUGE_VALL                        0x08006348   Data           0  fpconst.o(c$$dinf)
    __aeabi_INFINITY                         0x08006348   Data           0  fpconst.o(c$$dinf)
    __dInf                                   0x08006348   Data           0  fpconst.o(c$$dinf)
    __huge_val                               0x08006348   Data           0  fpconst.o(c$$dinf)
    __dbl_max                                0x08006350   Data           0  fpconst.o(c$$dmax)
    __ctype                                  0x08006381   Data           0  lc_ctype_c.o(locale$$data)
    SystemCoreClock                          0x20000000   Data           4  system_stm32f4xx.o(.data.SystemCoreClock)
    controllers_P                            0x20000008   Data         288  controllers_data.o(.data.controllers_P)
    __libspace_start                         0x20000128   Data          96  libspace.o(.bss)
    __temporary_stack_top$libspace           0x20000188   Data           0  libspace.o(.bss)
    K1                                       0x20000190   Data           8  driver.o(.bss.K1)
    K2                                       0x20000198   Data           8  driver.o(.bss.K2)
    Kd                                       0x200001a0   Data           8  driver.o(.bss.Kd)
    Ki                                       0x200001a8   Data           8  driver.o(.bss.Ki)
    Kp                                       0x200001b0   Data           8  driver.o(.bss.Kp)
    OmegaN                                   0x200001b8   Data           8  driver.o(.bss.OmegaN)
    Sp                                       0x200001c8   Data           8  driver.o(.bss.Sp)
    Udk                                      0x200001d0   Data           8  controllers.o(.bss.Udk)
    Xi                                       0x200001d8   Data           8  driver.o(.bss.Xi)
    cnt                                      0x200001e0   Data           2  main.o(.bss.cnt)
    controllers_B                            0x200001e8   Data          24  controllers.o(.bss.controllers_B)
    controllers_DWork                        0x20000200   Data        2776  controllers.o(.bss.controllers_DWork)
    controllers_M_                           0x20000cd8   Data           4  controllers.o(.bss.controllers_M_)
    lengthTxBuf                              0x20000cdc   Data           1  driver.o(.bss.lengthTxBuf)
    mode                                     0x20000ce0   Data           8  controllers.o(.bss.mode)
    modes                                    0x20000ce8   Data           4  driver.o(.bss.modes)
    processVar                               0x20000cf0   Data           8  controllers.o(.bss.processVar)
    rcvByte                                  0x20000cf8   Data           8  driver.o(.bss.rcvByte)
    receivedFlag                             0x20000d00   Data           4  driver.o(.bss.receivedFlag)
    run                                      0x20000d04   Data           4  driver.o(.bss.run)
    rxbuff                                   0x20000d08   Data          67  driver.o(.bss.rxbuff)
    setPoint                                 0x20000d50   Data           8  controllers.o(.bss.setPoint)
    tick_count                               0x20000d58   Data           4  system_timetick.o(.bss.tick_count)
    tick_flag                                0x20000d5c   Data           4  system_timetick.o(.bss.tick_flag)
    tmpTxBuf                                 0x20000d60   Data          15  driver.o(.bss.tmpTxBuf)
    txbuff                                   0x20000d6f   Data          15  driver.o(.bss.txbuff)
    typeOfSetpoint                           0x20000d7e   Data           1  driver.o(.bss.typeOfSetpoint)
    udk                                      0x20000d80   Data           2  main.o(.bss.udk)
    wn                                       0x20000d88   Data           8  controllers.o(.bss.wn)
    xi                                       0x20000d90   Data           8  controllers.o(.bss.xi)



==============================================================================

Memory Map of the image

  Image Entry point : 0x08000189

  Load Region LR_IROM1 (Base: 0x08000000, Size: 0x000065b0, Max: 0x00100000, ABSOLUTE)

    Execution Region ER_IROM1 (Exec base: 0x08000000, Load base: 0x08000000, Size: 0x00006484, Max: 0x00100000, ABSOLUTE)

    Exec Addr    Load Addr    Size         Type   Attr      Idx    E Section Name        Object

    0x08000000   0x08000000   0x00000188   Data   RO           93    RESET               startup_stm32f40_41xxx.o
    0x08000188   0x08000188   0x00000008   Code   RO          665  * !!!main             c_w.l(__main.o)
    0x08000190   0x08000190   0x00000034   Code   RO         1115    !!!scatter          c_w.l(__scatter.o)
    0x080001c4   0x080001c4   0x0000001a   Code   RO         1117    !!handler_copy      c_w.l(__scatter_copy.o)
    0x080001de   0x080001de   0x00000002   PAD
    0x080001e0   0x080001e0   0x0000001c   Code   RO         1119    !!handler_zi        c_w.l(__scatter_zi.o)
    0x080001fc   0x080001fc   0x00000000   Code   RO          658    .ARM.Collect$$_printf_percent$$00000000  c_w.l(_printf_percent.o)
    0x080001fc   0x080001fc   0x00000006   Code   RO          657    .ARM.Collect$$_printf_percent$$00000009  c_w.l(_printf_d.o)
    0x08000202   0x08000202   0x00000004   Code   RO          758    .ARM.Collect$$_printf_percent$$00000017  c_w.l(_printf_percent_end.o)
    0x08000206   0x08000206   0x00000002   Code   RO          878    .ARM.Collect$$libinit$$00000000  c_w.l(libinit.o)
    0x08000208   0x08000208   0x00000004   Code   RO          879    .ARM.Collect$$libinit$$00000001  c_w.l(libinit2.o)
    0x0800020c   0x0800020c   0x00000000   Code   RO          882    .ARM.Collect$$libinit$$00000004  c_w.l(libinit2.o)
    0x0800020c   0x0800020c   0x00000000   Code   RO          885    .ARM.Collect$$libinit$$0000000A  c_w.l(libinit2.o)
    0x0800020c   0x0800020c   0x00000000   Code   RO          887    .ARM.Collect$$libinit$$0000000C  c_w.l(libinit2.o)
    0x0800020c   0x0800020c   0x00000000   Code   RO          889    .ARM.Collect$$libinit$$0000000E  c_w.l(libinit2.o)
    0x0800020c   0x0800020c   0x00000006   Code   RO          890    .ARM.Collect$$libinit$$0000000F  c_w.l(libinit2.o)
    0x08000212   0x08000212   0x00000000   Code   RO          892    .ARM.Collect$$libinit$$00000011  c_w.l(libinit2.o)
    0x08000212   0x08000212   0x0000000c   Code   RO          893    .ARM.Collect$$libinit$$00000012  c_w.l(libinit2.o)
    0x0800021e   0x0800021e   0x00000000   Code   RO          894    .ARM.Collect$$libinit$$00000013  c_w.l(libinit2.o)
    0x0800021e   0x0800021e   0x00000000   Code   RO          896    .ARM.Collect$$libinit$$00000015  c_w.l(libinit2.o)
    0x0800021e   0x0800021e   0x0000000a   Code   RO          897    .ARM.Collect$$libinit$$00000016  c_w.l(libinit2.o)
    0x08000228   0x08000228   0x00000000   Code   RO          898    .ARM.Collect$$libinit$$00000017  c_w.l(libinit2.o)
    0x08000228   0x08000228   0x00000000   Code   RO          900    .ARM.Collect$$libinit$$00000019  c_w.l(libinit2.o)
    0x08000228   0x08000228   0x00000000   Code   RO          902    .ARM.Collect$$libinit$$0000001B  c_w.l(libinit2.o)
    0x08000228   0x08000228   0x00000000   Code   RO          904    .ARM.Collect$$libinit$$0000001D  c_w.l(libinit2.o)
    0x08000228   0x08000228   0x00000000   Code   RO          906    .ARM.Collect$$libinit$$0000001F  c_w.l(libinit2.o)
    0x08000228   0x08000228   0x00000000   Code   RO          908    .ARM.Collect$$libinit$$00000021  c_w.l(libinit2.o)
    0x08000228   0x08000228   0x00000000   Code   RO          910    .ARM.Collect$$libinit$$00000023  c_w.l(libinit2.o)
    0x08000228   0x08000228   0x00000000   Code   RO          912    .ARM.Collect$$libinit$$00000025  c_w.l(libinit2.o)
    0x08000228   0x08000228   0x00000000   Code   RO          916    .ARM.Collect$$libinit$$0000002C  c_w.l(libinit2.o)
    0x08000228   0x08000228   0x00000000   Code   RO          918    .ARM.Collect$$libinit$$0000002E  c_w.l(libinit2.o)
    0x08000228   0x08000228   0x00000000   Code   RO          920    .ARM.Collect$$libinit$$00000030  c_w.l(libinit2.o)
    0x08000228   0x08000228   0x00000000   Code   RO          922    .ARM.Collect$$libinit$$00000032  c_w.l(libinit2.o)
    0x08000228   0x08000228   0x00000002   Code   RO          923    .ARM.Collect$$libinit$$00000033  c_w.l(libinit2.o)
    0x0800022a   0x0800022a   0x00000002   Code   RO         1035    .ARM.Collect$$libshutdown$$00000000  c_w.l(libshutdown.o)
    0x0800022c   0x0800022c   0x00000000   Code   RO         1064    .ARM.Collect$$libshutdown$$00000002  c_w.l(libshutdown2.o)
    0x0800022c   0x0800022c   0x00000000   Code   RO         1066    .ARM.Collect$$libshutdown$$00000004  c_w.l(libshutdown2.o)
    0x0800022c   0x0800022c   0x00000000   Code   RO         1069    .ARM.Collect$$libshutdown$$00000007  c_w.l(libshutdown2.o)
    0x0800022c   0x0800022c   0x00000000   Code   RO         1072    .ARM.Collect$$libshutdown$$0000000A  c_w.l(libshutdown2.o)
    0x0800022c   0x0800022c   0x00000000   Code   RO         1074    .ARM.Collect$$libshutdown$$0000000C  c_w.l(libshutdown2.o)
    0x0800022c   0x0800022c   0x00000000   Code   RO         1077    .ARM.Collect$$libshutdown$$0000000F  c_w.l(libshutdown2.o)
    0x0800022c   0x0800022c   0x00000002   Code   RO         1078    .ARM.Collect$$libshutdown$$00000010  c_w.l(libshutdown2.o)
    0x0800022e   0x0800022e   0x00000000   Code   RO          749    .ARM.Collect$$rtentry$$00000000  c_w.l(__rtentry.o)
    0x0800022e   0x0800022e   0x00000000   Code   RO          826    .ARM.Collect$$rtentry$$00000002  c_w.l(__rtentry2.o)
    0x0800022e   0x0800022e   0x00000006   Code   RO          838    .ARM.Collect$$rtentry$$00000004  c_w.l(__rtentry4.o)
    0x08000234   0x08000234   0x00000000   Code   RO          828    .ARM.Collect$$rtentry$$00000009  c_w.l(__rtentry2.o)
    0x08000234   0x08000234   0x00000004   Code   RO          829    .ARM.Collect$$rtentry$$0000000A  c_w.l(__rtentry2.o)
    0x08000238   0x08000238   0x00000000   Code   RO          831    .ARM.Collect$$rtentry$$0000000C  c_w.l(__rtentry2.o)
    0x08000238   0x08000238   0x00000008   Code   RO          832    .ARM.Collect$$rtentry$$0000000D  c_w.l(__rtentry2.o)
    0x08000240   0x08000240   0x00000002   Code   RO          924    .ARM.Collect$$rtexit$$00000000  c_w.l(rtexit.o)
    0x08000242   0x08000242   0x00000000   Code   RO          991    .ARM.Collect$$rtexit$$00000002  c_w.l(rtexit2.o)
    0x08000242   0x08000242   0x00000004   Code   RO          992    .ARM.Collect$$rtexit$$00000003  c_w.l(rtexit2.o)
    0x08000246   0x08000246   0x00000006   Code   RO          993    .ARM.Collect$$rtexit$$00000004  c_w.l(rtexit2.o)
    0x0800024c   0x0800024c   0x00000040   Code   RO           94    .text               startup_stm32f40_41xxx.o
    0x0800028c   0x0800028c   0x0000002c   Code   RO          629    .text               c_w.l(__2sprintf.o)
    0x080002b8   0x080002b8   0x00000068   Code   RO          633    .text               c_w.l(__printf.o)
    0x08000320   0x08000320   0x00000078   Code   RO          635    .text               c_w.l(_printf_dec.o)
    0x08000398   0x08000398   0x0000008a   Code   RO          659    .text               c_w.l(rt_memcpy_v6.o)
    0x08000422   0x08000422   0x0000004e   Code   RO          661    .text               c_w.l(rt_memclr_w.o)
    0x08000470   0x08000470   0x00000006   Code   RO          663    .text               c_w.l(heapauxi.o)
    0x08000476   0x08000476   0x00000016   Code   RO          750    .text               c_w.l(_rserrno.o)
    0x0800048c   0x0800048c   0x000000b2   Code   RO          752    .text               c_w.l(_printf_intcommon.o)
    0x0800053e   0x0800053e   0x00000002   PAD
    0x08000540   0x08000540   0x00000030   Code   RO          754    .text               c_w.l(_printf_char_common.o)
    0x08000570   0x08000570   0x0000000a   Code   RO          756    .text               c_w.l(_sputc.o)
    0x0800057a   0x0800057a   0x00000002   PAD
    0x0800057c   0x0800057c   0x000000b0   Code   RO          759    .text               c_w.l(strtod.o)
    0x0800062c   0x0800062c   0x00000064   Code   RO          761    .text               c_w.l(rt_memcpy_w.o)
    0x08000690   0x08000690   0x00000008   Code   RO          843    .text               c_w.l(rt_errno_addr_intlibspace.o)
    0x08000698   0x08000698   0x00000012   Code   RO          845    .text               c_w.l(isspace.o)
    0x080006aa   0x080006aa   0x00000040   Code   RO          849    .text               c_w.l(_sgetc.o)
    0x080006ea   0x080006ea   0x00000002   PAD
    0x080006ec   0x080006ec   0x00000008   Code   RO          858    .text               c_w.l(libspace.o)
    0x080006f4   0x080006f4   0x0000004a   Code   RO          861    .text               c_w.l(sys_stackheap_outer.o)
    0x0800073e   0x0800073e   0x00000002   PAD
    0x08000740   0x08000740   0x00000010   Code   RO          863    .text               c_w.l(rt_ctype_table.o)
    0x08000750   0x08000750   0x000004f8   Code   RO          865    .text               c_w.l(scanf_fp.o)
    0x08000c48   0x08000c48   0x00000012   Code   RO          869    .text               c_w.l(exit.o)
    0x08000c5a   0x08000c5a   0x00000006   PAD
    0x08000c60   0x08000c60   0x0000007c   Code   RO          871    .text               c_w.l(strcmpv7em.o)
    0x08000cdc   0x08000cdc   0x00000008   Code   RO          929    .text               c_w.l(rt_locale_intlibspace.o)
    0x08000ce4   0x08000ce4   0x00000026   Code   RO          931    .text               c_w.l(llshl.o)
    0x08000d0a   0x08000d0a   0x00000002   PAD
    0x08000d0c   0x08000d0c   0x000000e4   Code   RO          933    .text               c_w.l(bigflt0.o)
    0x08000df0   0x08000df0   0x00000320   Code   RO          997    .text               c_w.l(scanf_hexfp.o)
    0x08001110   0x08001110   0x00000134   Code   RO          999    .text               c_w.l(scanf_infnan.o)
    0x08001244   0x08001244   0x0000000c   Code   RO         1017    .text               c_w.l(sys_exit.o)
    0x08001250   0x08001250   0x0000001c   Code   RO         1027    .text               c_w.l(_chval.o)
    0x0800126c   0x0800126c   0x00000002   Code   RO         1054    .text               c_w.l(use_no_semi.o)
    0x0800126e   0x0800126e   0x00000000   Code   RO         1056    .text               c_w.l(indicate_semi.o)
    0x0800126e   0x0800126e   0x00000002   PAD
    0x08001270   0x08001270   0x00000002   Code   RO           71    .text.BusFault_Handler  system_timetick.o
    0x08001272   0x08001272   0x00000002   PAD
    0x08001274   0x08001274   0x0000001a   Code   RO           16    .text.ConvertByteToDouble  driver.o
    0x0800128e   0x0800128e   0x00000002   PAD
    0x08001290   0x08001290   0x00000154   Code   RO           20    .text.DMA1_Stream5_IRQHandler  driver.o
    0x080013e4   0x080013e4   0x00000032   Code   RO          170    .text.DMA_ClearFlag  stm32f4xx_dma.o
    0x08001416   0x08001416   0x00000002   PAD
    0x08001418   0x08001418   0x00000032   Code   RO          176    .text.DMA_ClearITPendingBit  stm32f4xx_dma.o
    0x0800144a   0x0800144a   0x00000002   PAD
    0x0800144c   0x0800144c   0x00000012   Code   RO          146    .text.DMA_Cmd       stm32f4xx_dma.o
    0x0800145e   0x0800145e   0x00000002   PAD
    0x08001460   0x08001460   0x00000034   Code   RO          172    .text.DMA_ITConfig  stm32f4xx_dma.o
    0x08001494   0x08001494   0x00000066   Code   RO          142    .text.DMA_Init      stm32f4xx_dma.o
    0x080014fa   0x080014fa   0x00000002   PAD
    0x080014fc   0x080014fc   0x00000002   Code   RO           77    .text.DebugMon_Handler  system_timetick.o
    0x080014fe   0x080014fe   0x00000002   PAD
    0x08001500   0x08001500   0x0000004c   Code   RO            2    .text.ENC0_GetPos   driver.o
    0x0800154c   0x0800154c   0x00000086   Code   RO          188    .text.GPIO_Init     stm32f4xx_gpio.o
    0x080015d2   0x080015d2   0x00000002   PAD
    0x080015d4   0x080015d4   0x00000028   Code   RO          212    .text.GPIO_PinAFConfig  stm32f4xx_gpio.o
    0x080015fc   0x080015fc   0x00000004   Code   RO          204    .text.GPIO_ResetBits  stm32f4xx_gpio.o
    0x08001600   0x08001600   0x00000004   Code   RO          202    .text.GPIO_SetBits  stm32f4xx_gpio.o
    0x08001604   0x08001604   0x00000002   Code   RO           67    .text.HardFault_Handler  system_timetick.o
    0x08001606   0x08001606   0x00000002   PAD
    0x08001608   0x08001608   0x00000002   Code   RO           69    .text.MemManage_Handler  system_timetick.o
    0x0800160a   0x0800160a   0x00000002   PAD
    0x0800160c   0x0800160c   0x00000002   Code   RO           65    .text.NMI_Handler   system_timetick.o
    0x0800160e   0x0800160e   0x00000002   PAD
    0x08001610   0x08001610   0x00000062   Code   RO          124    .text.NVIC_Init     misc.o
    0x08001672   0x08001672   0x00000002   PAD
    0x08001674   0x08001674   0x00000084   Code   RO            6    .text.PWM0_Set_Duty  driver.o
    0x080016f8   0x080016f8   0x0000002a   Code   RO            4    .text.PWM0_Set_Freq  driver.o
    0x08001722   0x08001722   0x00000002   PAD
    0x08001724   0x08001724   0x00000002   Code   RO           79    .text.PendSV_Handler  system_timetick.o
    0x08001726   0x08001726   0x00000002   PAD
    0x08001728   0x08001728   0x00000018   Code   RO          288    .text.RCC_AHB1PeriphClockCmd  stm32f4xx_rcc.o
    0x08001740   0x08001740   0x00000018   Code   RO          294    .text.RCC_APB1PeriphClockCmd  stm32f4xx_rcc.o
    0x08001758   0x08001758   0x00000018   Code   RO          296    .text.RCC_APB2PeriphClockCmd  stm32f4xx_rcc.o
    0x08001770   0x08001770   0x00000096   Code   RO          266    .text.RCC_GetClocksFreq  stm32f4xx_rcc.o
    0x08001806   0x08001806   0x00000002   PAD
    0x08001808   0x08001808   0x00000002   Code   RO           75    .text.SVC_Handler   system_timetick.o
    0x0800180a   0x0800180a   0x00000002   PAD
    0x0800180c   0x0800180c   0x000000be   Code   RO           51    .text.SetSysClock   system_stm32f4xx.o
    0x080018ca   0x080018ca   0x00000002   PAD
    0x080018cc   0x080018cc   0x00000024   Code   RO          105    .text.SysTick_Config  main.o
    0x080018f0   0x080018f0   0x0000001c   Code   RO           81    .text.SysTick_Handler  system_timetick.o
    0x0800190c   0x0800190c   0x00000056   Code   RO           49    .text.SystemInit    system_stm32f4xx.o
    0x08001962   0x08001962   0x00000002   PAD
    0x08001964   0x08001964   0x00000012   Code   RO          429    .text.TIM_Cmd       stm32f4xx_tim.o
    0x08001976   0x08001976   0x00000002   PAD
    0x08001978   0x08001978   0x00000030   Code   RO          579    .text.TIM_EncoderInterfaceConfig  stm32f4xx_tim.o
    0x080019a8   0x080019a8   0x0000006c   Code   RO          431    .text.TIM_OC1Init   stm32f4xx_tim.o
    0x08001a14   0x08001a14   0x0000000c   Code   RO          459    .text.TIM_OC1PreloadConfig  stm32f4xx_tim.o
    0x08001a20   0x08001a20   0x00000092   Code   RO          403    .text.TIM_TimeBaseInit  stm32f4xx_tim.o
    0x08001ab2   0x08001ab2   0x00000002   PAD
    0x08001ab4   0x08001ab4   0x00000012   Code   RO          345    .text.USART_Cmd     stm32f4xx_usart.o
    0x08001ac6   0x08001ac6   0x00000002   PAD
    0x08001ac8   0x08001ac8   0x00000010   Code   RO          381    .text.USART_DMACmd  stm32f4xx_usart.o
    0x08001ad8   0x08001ad8   0x000000b6   Code   RO          337    .text.USART_Init    stm32f4xx_usart.o
    0x08001b8e   0x08001b8e   0x00000002   PAD
    0x08001b90   0x08001b90   0x00000002   Code   RO           73    .text.UsageFault_Handler  system_timetick.o
    0x08001b92   0x08001b92   0x00000002   PAD
    0x08001b94   0x08001b94   0x0000000e   Code   RO          107    .text.__NVIC_SetPriority  main.o
    0x08001ba2   0x08001ba2   0x00000006   PAD
    0x08001ba8   0x08001ba8   0x00000228   Code   RO          601    .text.controllers_eml_rand_mt19937ar  controllers.o
    0x08001dd0   0x08001dd0   0x000000f2   Code   RO          597    .text.controllers_initialize  controllers.o
    0x08001ec2   0x08001ec2   0x00000006   PAD
    0x08001ec8   0x08001ec8   0x00000280   Code   RO          595    .text.controllers_rand  controllers.o
    0x08002148   0x08002148   0x00000cd6   Code   RO          593    .text.controllers_step  controllers.o
    0x08002e1e   0x08002e1e   0x00000002   PAD
    0x08002e20   0x08002e20   0x00000040   Code   RO           12    .text.delay_01ms    driver.o
    0x08002e60   0x08002e60   0x00000268   Code   RO            8    .text.init_main     driver.o
    0x080030c8   0x080030c8   0x00000298   Code   RO          103    .text.main          main.o
    0x08003360   0x08003360   0x00000038   Code   RO          101    .text.rt_OneStep    main.o
    0x08003398   0x08003398   0x00000068   Code   RO           14    .text.send_data     driver.o
    0x08003400   0x08003400   0x00000338   Code   RO          946    CL$$btod_div_common  c_w.l(btod.o)
    0x08003738   0x08003738   0x00000084   Code   RO          944    CL$$btod_e2d        c_w.l(btod.o)
    0x080037bc   0x080037bc   0x000000dc   Code   RO          943    CL$$btod_e2e        c_w.l(btod.o)
    0x08003898   0x08003898   0x0000002a   Code   RO          940    CL$$btod_ediv       c_w.l(btod.o)
    0x080038c2   0x080038c2   0x0000002a   Code   RO          942    CL$$btod_edivd      c_w.l(btod.o)
    0x080038ec   0x080038ec   0x0000002a   Code   RO          939    CL$$btod_emul       c_w.l(btod.o)
    0x08003916   0x08003916   0x0000002a   Code   RO          941    CL$$btod_emuld      c_w.l(btod.o)
    0x08003940   0x08003940   0x00000244   Code   RO          945    CL$$btod_mult_common  c_w.l(btod.o)
    0x08003b84   0x08003b84   0x00000030   Code   RO          809    i.__ARM_fpclassify  m_wm.l(fpclassify.o)
    0x08003bb4   0x08003bb4   0x00000004   PAD
    0x08003bb8   0x08003bb8   0x000000f8   Code   RO          982    i.__hardfp___mathlib_tofloat  m_wm.l(narrow.o)
    0x08003cb0   0x08003cb0   0x00000038   Code   RO          691    i.__hardfp_atof     m_wm.l(atof.o)
    0x08003ce8   0x08003ce8   0x000000c8   Code   RO          697    i.__hardfp_cos      m_wm.l(cos.o)
    0x08003db0   0x08003db0   0x00000198   Code   RO          709    i.__hardfp_cosh     m_wm.l(cosh.o)
    0x08003f48   0x08003f48   0x00000358   Code   RO          723    i.__hardfp_exp      m_wm.l(exp.o)
    0x080042a0   0x080042a0   0x000000d0   Code   RO         1038    i.__hardfp_ldexp    m_wm.l(ldexp.o)
    0x08004370   0x08004370   0x0000007a   Code   RO          737    i.__hardfp_sqrt     m_wm.l(sqrt.o)
    0x080043ea   0x080043ea   0x00000006   PAD
    0x080043f0   0x080043f0   0x00000438   Code   RO          814    i.__ieee754_rem_pio2  m_wm.l(rred.o)
    0x08004828   0x08004828   0x00000170   Code   RO          780    i.__kernel_cos      m_wm.l(cos_i.o)
    0x08004998   0x08004998   0x000000f8   Code   RO          811    i.__kernel_poly     m_wm.l(poly.o)
    0x08004a90   0x08004a90   0x00000130   Code   RO          819    i.__kernel_sin      m_wm.l(sin_i.o)
    0x08004bc0   0x08004bc0   0x00000014   Code   RO          784    i.__mathlib_dbl_infnan  m_wm.l(dunder.o)
    0x08004bd4   0x08004bd4   0x00000004   PAD
    0x08004bd8   0x08004bd8   0x00000020   Code   RO          786    i.__mathlib_dbl_invalid  m_wm.l(dunder.o)
    0x08004bf8   0x08004bf8   0x00000020   Code   RO          787    i.__mathlib_dbl_overflow  m_wm.l(dunder.o)
    0x08004c18   0x08004c18   0x00000014   Code   RO          788    i.__mathlib_dbl_posinfnan  m_wm.l(dunder.o)
    0x08004c2c   0x08004c2c   0x00000004   PAD
    0x08004c30   0x08004c30   0x00000020   Code   RO          789    i.__mathlib_dbl_underflow  m_wm.l(dunder.o)
    0x08004c50   0x08004c50   0x000004f4   Code   RO          797    i.__mathlib_expm1   m_wm.l(expm1_i.o)
    0x08005144   0x08005144   0x00000012   Code   RO          983    i.__mathlib_narrow  m_wm.l(narrow.o)
    0x08005156   0x08005156   0x00000014   Code   RO         1040    i.__support_ldexp   m_wm.l(ldexp.o)
    0x0800516a   0x0800516a   0x0000000e   Code   RO          647    i._is_digit         c_w.l(__printf_wp.o)
    0x08005178   0x08005178   0x00000010   Code   RO          725    i.exp               m_wm.l(exp.o)
    0x08005188   0x08005188   0x00000018   Code   RO          805    i.fabs              m_wm.l(fabs.o)
    0x080051a0   0x080051a0   0x0000008c   Code   RO         1011    i.frexp             m_wm.l(frexp.o)
    0x0800522c   0x0800522c   0x0000002c   Code   RO          852    locale$$code        c_w.l(lc_numeric_c.o)
    0x08005258   0x08005258   0x0000002c   Code   RO          962    locale$$code        c_w.l(lc_ctype_c.o)
    0x08005284   0x08005284   0x00000018   Code   RO          763    x$fpl$basic         fz_wm.l(basic.o)
    0x0800529c   0x0800529c   0x00000062   Code   RO         1007    x$fpl$d2f           fz_wm.l(d2f.o)
    0x080052fe   0x080052fe   0x00000002   PAD
    0x08005300   0x08005300   0x00000150   Code   RO          667    x$fpl$dadd          fz_wm.l(daddsub_clz.o)
    0x08005450   0x08005450   0x00000010   Code   RO         1085    x$fpl$dcheck1       fz_wm.l(dcheck1.o)
    0x08005460   0x08005460   0x00000018   Code   RO          854    x$fpl$dcmpinf       fz_wm.l(dcmpi.o)
    0x08005478   0x08005478   0x000002b0   Code   RO          676    x$fpl$ddiv          fz_wm.l(ddiv.o)
    0x08005728   0x08005728   0x00000078   Code   RO          765    x$fpl$deqf          fz_wm.l(deqf.o)
    0x080057a0   0x080057a0   0x0000005e   Code   RO          679    x$fpl$dfix          fz_wm.l(dfix.o)
    0x080057fe   0x080057fe   0x0000002e   Code   RO          684    x$fpl$dflt          fz_wm.l(dflt_clz.o)
    0x0800582c   0x0800582c   0x00000026   Code   RO          683    x$fpl$dfltu         fz_wm.l(dflt_clz.o)
    0x08005852   0x08005852   0x00000002   PAD
    0x08005854   0x08005854   0x00000078   Code   RO          767    x$fpl$dgeqf         fz_wm.l(dgeqf.o)
    0x080058cc   0x080058cc   0x00000078   Code   RO          769    x$fpl$dleqf         fz_wm.l(dleqf.o)
    0x08005944   0x08005944   0x00000154   Code   RO          689    x$fpl$dmul          fz_wm.l(dmul.o)
    0x08005a98   0x08005a98   0x0000009c   Code   RO          771    x$fpl$dnaninf       fz_wm.l(dnaninf.o)
    0x08005b34   0x08005b34   0x0000000c   Code   RO          773    x$fpl$dretinf       fz_wm.l(dretinf.o)
    0x08005b40   0x08005b40   0x0000006c   Code   RO          775    x$fpl$drleqf        fz_wm.l(drleqf.o)
    0x08005bac   0x08005bac   0x00000016   Code   RO          668    x$fpl$drsb          fz_wm.l(daddsub_clz.o)
    0x08005bc2   0x08005bc2   0x00000002   PAD
    0x08005bc4   0x08005bc4   0x00000198   Code   RO          777    x$fpl$dsqrt         fz_wm.l(dsqrt_umaal.o)
    0x08005d5c   0x08005d5c   0x000001d4   Code   RO          669    x$fpl$dsub          fz_wm.l(daddsub_clz.o)
    0x08005f30   0x08005f30   0x00000054   Code   RO          673    x$fpl$fcmp          fz_wm.l(dcmp.o)
    0x08005f84   0x08005f84   0x0000001a   Code   RO          972    x$fpl$fpinit        fz_wm.l(fpinit.o)
    0x08005f9e   0x08005f9e   0x0000000a   Code   RO         1036    x$fpl$fretinf       fz_wm.l(fretinf.o)
    0x08005fa8   0x08005fa8   0x00000006   Code   RO          974    x$fpl$ieeestatus    fz_wm.l(istatus.o)
    0x08005fae   0x08005fae   0x00000064   Code   RO         1093    x$fpl$retnan        fz_wm.l(retnan.o)
    0x08006012   0x08006012   0x0000005c   Code   RO         1079    x$fpl$scalbn        fz_wm.l(scalbn.o)
    0x0800606e   0x0800606e   0x00000004   Code   RO          856    x$fpl$scanf1        fz_wm.l(scanf1.o)
    0x08006072   0x08006072   0x00000008   Code   RO          976    x$fpl$scanf2        fz_wm.l(scanf2.o)
    0x0800607a   0x0800607a   0x00000030   Code   RO         1111    x$fpl$trapveneer    fz_wm.l(trapv.o)
    0x080060aa   0x080060aa   0x00000000   Code   RO          779    x$fpl$usenofp       fz_wm.l(usenofp.o)
    0x080060aa   0x080060aa   0x00000006   PAD
    0x080060b0   0x080060b0   0x00000008   Data   RO          712    .constdata          m_wm.l(cosh.o)
    0x080060b8   0x080060b8   0x00000058   Data   RO          726    .constdata          m_wm.l(exp.o)
    0x08006110   0x08006110   0x00000030   Data   RO          781    .constdata          m_wm.l(cos_i.o)
    0x08006140   0x08006140   0x00000028   Data   RO          798    .constdata          m_wm.l(expm1_i.o)
    0x08006168   0x08006168   0x000000cc   Data   RO          816    .constdata          m_wm.l(rred.o)
    0x08006234   0x08006234   0x00000004   PAD
    0x08006238   0x08006238   0x00000028   Data   RO          820    .constdata          m_wm.l(sin_i.o)
    0x08006260   0x08006260   0x00000094   Data   RO          934    .constdata          c_w.l(bigflt0.o)
    0x080062f4   0x080062f4   0x00000010   Data   RO          326    .rodata.APBAHBPrescTable  stm32f4xx_rcc.o
    0x08006304   0x08006304   0x00000004   Data   RO          604    .rodata.controllers_M  controllers.o
    0x08006308   0x08006308   0x00000020   Data   RO          605    .rodata.cst32       controllers.o
    0x08006328   0x08006328   0x00000020   Data   RO         1114    Region$$Table       anon$$obj.o
    0x08006348   0x08006348   0x00000008   Data   RO          968    c$$dinf             fz_wm.l(fpconst.o)
    0x08006350   0x08006350   0x00000008   Data   RO          971    c$$dmax             fz_wm.l(fpconst.o)
    0x08006358   0x08006358   0x0000001c   Data   RO          851    locale$$data        c_w.l(lc_numeric_c.o)
    0x08006374   0x08006374   0x00000110   Data   RO          961    locale$$data        c_w.l(lc_ctype_c.o)


    Execution Region RW_IRAM1 (Exec base: 0x20000000, Load base: 0x08006488, Size: 0x00001398, Max: 0x00020000, ABSOLUTE)

    Exec Addr    Load Addr    Size         Type   Attr      Idx    E Section Name        Object

    0x20000000   0x08006488   0x00000004   Data   RW           55    .data.SystemCoreClock  system_stm32f4xx.o
    0x20000004   0x0800648c   0x00000004   PAD
    0x20000008   0x08006490   0x00000120   Data   RW          622    .data.controllers_P  controllers_data.o
    0x20000128        -       0x00000060   Zero   RW          859    .bss                c_w.l(libspace.o)
    0x20000188        -       0x00000004   Zero   RW           22    .bss.ENC0_GetPos.p_pre  driver.o
    0x2000018c        -       0x00000004   Zero   RW           23    .bss.ENC0_GetPos.pulse_cur  driver.o
    0x20000190        -       0x00000008   Zero   RW           37    .bss.K1             driver.o
    0x20000198        -       0x00000008   Zero   RW           38    .bss.K2             driver.o
    0x200001a0        -       0x00000008   Zero   RW           34    .bss.Kd             driver.o
    0x200001a8        -       0x00000008   Zero   RW           33    .bss.Ki             driver.o
    0x200001b0        -       0x00000008   Zero   RW           32    .bss.Kp             driver.o
    0x200001b8        -       0x00000008   Zero   RW           36    .bss.OmegaN         driver.o
    0x200001c0        -       0x00000001   Zero   RW          109    .bss.OverrunFlag    main.o
    0x200001c1   0x080065b0   0x00000007   PAD
    0x200001c8        -       0x00000008   Zero   RW           31    .bss.Sp             driver.o
    0x200001d0        -       0x00000008   Zero   RW          612    .bss.Udk            controllers.o
    0x200001d8        -       0x00000008   Zero   RW           35    .bss.Xi             driver.o
    0x200001e0        -       0x00000002   Zero   RW          110    .bss.cnt            main.o
    0x200001e2   0x080065b0   0x00000006   PAD
    0x200001e8        -       0x00000018   Zero   RW          609    .bss.controllers_B  controllers.o
    0x20000200        -       0x00000ad8   Zero   RW          606    .bss.controllers_DWork  controllers.o
    0x20000cd8        -       0x00000004   Zero   RW          603    .bss.controllers_M_  controllers.o
    0x20000cdc        -       0x00000001   Zero   RW           27    .bss.lengthTxBuf    driver.o
    0x20000cdd   0x080065b0   0x00000003   PAD
    0x20000ce0        -       0x00000008   Zero   RW          607    .bss.mode           controllers.o
    0x20000ce8        -       0x00000004   Zero   RW           29    .bss.modes          driver.o
    0x20000cec   0x080065b0   0x00000004   PAD
    0x20000cf0        -       0x00000008   Zero   RW          608    .bss.processVar     controllers.o
    0x20000cf8        -       0x00000008   Zero   RW           30    .bss.rcvByte        driver.o
    0x20000d00        -       0x00000004   Zero   RW           40    .bss.receivedFlag   driver.o
    0x20000d04        -       0x00000004   Zero   RW           28    .bss.run            driver.o
    0x20000d08        -       0x00000043   Zero   RW           25    .bss.rxbuff         driver.o
    0x20000d4b   0x080065b0   0x00000005   PAD
    0x20000d50        -       0x00000008   Zero   RW          613    .bss.setPoint       controllers.o
    0x20000d58        -       0x00000004   Zero   RW           84    .bss.tick_count     system_timetick.o
    0x20000d5c        -       0x00000004   Zero   RW           83    .bss.tick_flag      system_timetick.o
    0x20000d60        -       0x0000000f   Zero   RW           26    .bss.tmpTxBuf       driver.o
    0x20000d6f        -       0x0000000f   Zero   RW           24    .bss.txbuff         driver.o
    0x20000d7e        -       0x00000001   Zero   RW           39    .bss.typeOfSetpoint  driver.o
    0x20000d7f   0x080065b0   0x00000001   PAD
    0x20000d80        -       0x00000002   Zero   RW          111    .bss.udk            main.o
    0x20000d82   0x080065b0   0x00000006   PAD
    0x20000d88        -       0x00000008   Zero   RW          611    .bss.wn             controllers.o
    0x20000d90        -       0x00000008   Zero   RW          610    .bss.xi             controllers.o
    0x20000d98        -       0x00000200   Zero   RW           92    HEAP                startup_stm32f40_41xxx.o
    0x20000f98        -       0x00000400   Zero   RW           91    STACK               startup_stm32f40_41xxx.o


==============================================================================

Image component sizes


      Code (inc. data)   RO Data    RW Data    ZI Data      Debug   Object Name

      4720        112         36          0       2852       6640   controllers.o
         0          0          0        288          0       1794   controllers_data.o
      1400          8          0          0        191       9937   driver.o
       770         40          0          0          5       5756   main.o
        98          0          0          0          0       3208   misc.o
        64         26        392          0       1536        804   startup_stm32f40_41xxx.o
       272          0          0          0          0       6226   stm32f4xx_dma.o
       182          0          0          0          0       4471   stm32f4xx_gpio.o
       222          0         16          0          0      12173   stm32f4xx_rcc.o
       332          0          0          0          0      23264   stm32f4xx_tim.o
       216          0          0          0          0       7727   stm32f4xx_usart.o
       276          0          0          4          0       3232   system_stm32f4xx.o
        44          0          0          0          8       1173   system_timetick.o

    ----------------------------------------------------------------------
      8656        186        476        296       4624      86405   Object Totals
         0          0         32          0          0          0   (incl. Generated)
        60          0          0          4         32          0   (incl. Padding)

    ----------------------------------------------------------------------

      Code (inc. data)   RO Data    RW Data    ZI Data      Debug   Library Member Name

        44          6          0          0          0         84   __2sprintf.o
         8          0          0          0          0         68   __main.o
       104          0          0          0          0         84   __printf.o
        14          0          0          0          0         68   __printf_wp.o
         0          0          0          0          0          0   __rtentry.o
        12          0          0          0          0          0   __rtentry2.o
         6          0          0          0          0          0   __rtentry4.o
        52          8          0          0          0          0   __scatter.o
        26          0          0          0          0          0   __scatter_copy.o
        28          0          0          0          0          0   __scatter_zi.o
        28          0          0          0          0         68   _chval.o
        48          6          0          0          0         96   _printf_char_common.o
         6          0          0          0          0          0   _printf_d.o
       120         16          0          0          0         92   _printf_dec.o
       178          0          0          0          0         88   _printf_intcommon.o
         0          0          0          0          0          0   _printf_percent.o
         4          0          0          0          0          0   _printf_percent_end.o
        22          0          0          0          0        100   _rserrno.o
        64          0          0          0          0         84   _sgetc.o
        10          0          0          0          0         68   _sputc.o
       228          4        148          0          0         96   bigflt0.o
      1924        136          0          0          0        756   btod.o
        18          0          0          0          0         80   exit.o
         6          0          0          0          0        152   heapauxi.o
         0          0          0          0          0          0   indicate_semi.o
        18          0          0          0          0         76   isspace.o
        44         10        272          0          0         76   lc_ctype_c.o
        44         10         28          0          0         76   lc_numeric_c.o
         2          0          0          0          0          0   libinit.o
        34          0          0          0          0          0   libinit2.o
         2          0          0          0          0          0   libshutdown.o
         2          0          0          0          0          0   libshutdown2.o
         8          4          0          0         96         68   libspace.o
        38          0          0          0          0         68   llshl.o
        16          4          0          0          0         76   rt_ctype_table.o
         8          4          0          0          0         68   rt_errno_addr_intlibspace.o
         8          4          0          0          0         68   rt_locale_intlibspace.o
        78          0          0          0          0         80   rt_memclr_w.o
       138          0          0          0          0         68   rt_memcpy_v6.o
       100          0          0          0          0         80   rt_memcpy_w.o
         2          0          0          0          0          0   rtexit.o
        10          0          0          0          0          0   rtexit2.o
      1272         16          0          0          0        168   scanf_fp.o
       800         14          0          0          0        100   scanf_hexfp.o
       308         16          0          0          0        100   scanf_infnan.o
       124          0          0          0          0         88   strcmpv7em.o
       176         14          0          0          0        124   strtod.o
        12          4          0          0          0         68   sys_exit.o
        74          0          0          0          0         80   sys_stackheap_outer.o
         2          0          0          0          0         68   use_no_semi.o
        24          0          0          0          0        164   basic.o
        98          4          0          0          0        140   d2f.o
       826         16          0          0          0        500   daddsub_clz.o
        16          4          0          0          0        116   dcheck1.o
        84          0          0          0          0        244   dcmp.o
        24          0          0          0          0        116   dcmpi.o
       688        140          0          0          0        264   ddiv.o
       120          4          0          0          0        140   deqf.o
        94          4          0          0          0        140   dfix.o
        84          0          0          0          0        232   dflt_clz.o
       120          4          0          0          0        140   dgeqf.o
       120          4          0          0          0        140   dleqf.o
       340         12          0          0          0        152   dmul.o
       156          4          0          0          0        140   dnaninf.o
        12          0          0          0          0        116   dretinf.o
       108          0          0          0          0        128   drleqf.o
       408         56          0          0          0        168   dsqrt_umaal.o
         0          0         16          0          0          0   fpconst.o
        26          0          0          0          0        116   fpinit.o
        10          0          0          0          0        116   fretinf.o
         6          0          0          0          0        116   istatus.o
       100          0          0          0          0        116   retnan.o
        92          0          0          0          0        116   scalbn.o
         4          0          0          0          0        116   scanf1.o
         8          0          0          0          0        132   scanf2.o
        48          0          0          0          0        116   trapv.o
         0          0          0          0          0          0   usenofp.o
        56         10          0          0          0        132   atof.o
       200         20          0          0          0        164   cos.o
       368         46         48          0          0        200   cos_i.o
       408         50          8          0          0        224   cosh.o
       136         24          0          0          0        620   dunder.o
       872        142         88          0          0        412   exp.o
      1268        176         40          0          0        264   expm1_i.o
        24          0          0          0          0        124   fabs.o
        48          0          0          0          0        124   fpclassify.o
       140         22          0          0          0        132   frexp.o
       228          8          0          0          0        308   ldexp.o
       266         16          0          0          0        308   narrow.o
       248          0          0          0          0        152   poly.o
      1080        142        204          0          0        188   rred.o
       304         24         40          0          0        208   sin_i.o
       122          0          0          0          0        148   sqrt.o

    ----------------------------------------------------------------------
     15704       1208        896          0         96      11276   Library Totals
        50          0          4          0          0          0   (incl. Padding)

    ----------------------------------------------------------------------

      Code (inc. data)   RO Data    RW Data    ZI Data      Debug   Library Name

      6270        276        448          0         96       3584   c_w.l
      3616        252         16          0          0       3984   fz_wm.l
      5768        680        428          0          0       3708   m_wm.l

    ----------------------------------------------------------------------
     15704       1208        896          0         96      11276   Library Totals

    ----------------------------------------------------------------------

==============================================================================


      Code (inc. data)   RO Data    RW Data    ZI Data      Debug   

     24360       1394       1372        296       4720      90697   Grand Totals
     24360       1394       1372        296       4720      90697   ELF Image Totals
     24360       1394       1372        296          0          0   ROM Totals

==============================================================================

    Total RO  Size (Code + RO Data)                25732 (  25.13kB)
    Total RW  Size (RW Data + ZI Data)              5016 (   4.90kB)
    Total ROM Size (Code + RO Data + RW Data)      26028 (  25.42kB)

==============================================================================

